BL51 BANKED LINKER/LOCATER V6.22                                                        06/19/2020  12:28:56  PAGE 1


BL51 BANKED LINKER/LOCATER V6.22, INVOKED BY:
D:\KEIL_V5\C51\BIN\BL51.EXE .\main.obj, .\bin.obj, .\delay.obj, .\iic.obj, .\interrupt.obj, .\flash.obj, .\huanjing.obj,
>>  .\touch_main.obj, .\chuankou.obj, .\setphone.obj, .\sendmessage.obj, .\zhuce.obj, .\init.obj, .\font.obj, .\fontchec
>> k.obj, .\tft.obj, .\touch.obj, .\txt.obj TO weather_station RAMSIZE (256)


MEMORY MODEL: LARGE WITH FLOATING POINT ARITHMETIC


INPUT MODULES INCLUDED:
  .\main.obj (MAIN)
  .\bin.obj (BIN)
  .\delay.obj (DELAY)
  .\iic.obj (IIC)
  .\interrupt.obj (INTERRUPT)
  .\flash.obj (FLASH)
  .\huanjing.obj (HUANJING)
  .\touch_main.obj (TOUCH_MAIN)
  .\chuankou.obj (CHUANKOU)
  .\setphone.obj (SETPHONE)
  .\sendmessage.obj (SENDMESSAGE)
  .\zhuce.obj (ZHUCE)
  .\init.obj (INIT)
  .\font.obj (FONT)
  .\fontcheck.obj (FONTCHECK)
  .\tft.obj (TFT)
  .\touch.obj (TOUCH)
  .\txt.obj (TXT)
  D:\KEIL_V5\C51\LIB\C51FPL.LIB (?C?FPDIV)
  D:\KEIL_V5\C51\LIB\C51FPL.LIB (?C?FCAST)
  D:\KEIL_V5\C51\LIB\C51FPL.LIB (?C?CASTF)
  D:\KEIL_V5\C51\LIB\C51FPL.LIB (PRINTF)
  D:\KEIL_V5\C51\LIB\C51FPL.LIB (?C?FPGETOPN)
  D:\KEIL_V5\C51\LIB\C51FPL.LIB (?C?FPROUND)
  D:\KEIL_V5\C51\LIB\C51FPL.LIB (?C?FPCONVERT)
  D:\KEIL_V5\C51\LIB\C51FPL.LIB (?C?FPADD)
  D:\KEIL_V5\C51\LIB\C51FPL.LIB (?C?FPMUL)
  D:\KEIL_V5\C51\LIB\C51FPL.LIB (?C?FTNPWR)
  D:\KEIL_V5\C51\LIB\C51L.LIB (?C_STARTUP)
  D:\KEIL_V5\C51\LIB\C51L.LIB (?C?COPY)
  D:\KEIL_V5\C51\LIB\C51L.LIB (?C?CLDPTR)
  D:\KEIL_V5\C51\LIB\C51L.LIB (?C?CLDOPTR)
  D:\KEIL_V5\C51\LIB\C51L.LIB (?C?CSTPTR)
  D:\KEIL_V5\C51\LIB\C51L.LIB (?C?IMUL)
  D:\KEIL_V5\C51\LIB\C51L.LIB (?C?UIDIV)
  D:\KEIL_V5\C51\LIB\C51L.LIB (?C?IILDX)
  D:\KEIL_V5\C51\LIB\C51L.LIB (?C?ILDIX)
  D:\KEIL_V5\C51\LIB\C51L.LIB (?C?ISTPTR)
  D:\KEIL_V5\C51\LIB\C51L.LIB (?C?LMUL)
  D:\KEIL_V5\C51\LIB\C51L.LIB (?C?ULDIV)
  D:\KEIL_V5\C51\LIB\C51L.LIB (?C?LNEG)
  D:\KEIL_V5\C51\LIB\C51L.LIB (?C?ULCMP)
  D:\KEIL_V5\C51\LIB\C51L.LIB (?C?ULSHR)
  D:\KEIL_V5\C51\LIB\C51L.LIB (?C?LSTXDATA)
  D:\KEIL_V5\C51\LIB\C51L.LIB (?C?LSTKXDATA)
  D:\KEIL_V5\C51\LIB\C51L.LIB (?C?PLDIXDATA)
  D:\KEIL_V5\C51\LIB\C51L.LIB (?C?PSTXDATA)
  D:\KEIL_V5\C51\LIB\C51L.LIB (?C?CCASE)
BL51 BANKED LINKER/LOCATER V6.22                                                      06/19/2020  12:28:56  PAGE 2


  D:\KEIL_V5\C51\LIB\C51L.LIB (?C?LIMUL)
  D:\KEIL_V5\C51\LIB\C51L.LIB (PUTCHAR)
  D:\KEIL_V5\C51\LIB\C51L.LIB (?C?STRCMP)
  D:\KEIL_V5\C51\LIB\C51L.LIB (STRLEN)
  D:\KEIL_V5\C51\LIB\C51L.LIB (?C_INIT)


LINK MAP OF MODULE:  weather_station (MAIN)


            TYPE    BASE      LENGTH    RELOCATION   SEGMENT NAME
            -----------------------------------------------------

            * * * * * * *   D A T A   M E M O R Y   * * * * * * *
            REG     0000H     0008H     ABSOLUTE     "REG BANK 0"
            DATA    0008H     0005H     UNIT         _DATA_GROUP_
                    000DH     0013H                  *** GAP ***
            BIT     0020H.0   0001H.1   UNIT         _BIT_GROUP_
            BIT     0021H.1   0000H.1   UNIT         ?BI?FLASH
                    0021H.2   0000H.6                *** GAP ***
            IDATA   0022H     0001H     UNIT         ?STACK

            * * * * * * *  X D A T A   M E M O R Y  * * * * * * *
            XDATA   0000H     0178H     UNIT         ?XD?FONTCHECK
            XDATA   0178H     0123H     UNIT         _XDATA_GROUP_
            XDATA   029BH     0069H     UNIT         ?XD?CHUANKOU
            XDATA   0304H     0046H     UNIT         ?XD?SENDMESSAGE
            XDATA   034AH     0015H     UNIT         ?XD?HUANJING
            XDATA   035FH     0010H     UNIT         ?XD?SETPHONE
            XDATA   036FH     0010H     UNIT         ?XD?TOUCH
            XDATA   037FH     0008H     UNIT         ?XD?FLASH
            XDATA   0387H     0002H     UNIT         ?XD?INTERRUPT
            XDATA   0389H     0001H     UNIT         ?XD?TOUCH_MAIN
            XDATA   038AH     0001H     UNIT         ?XD?TFT

            * * * * * * *   C O D E   M E M O R Y   * * * * * * *
            CODE    0000H     0003H     ABSOLUTE     
            CODE    0003H     0007H     UNIT         ?PR?TOUCH_INITSPI?TOUCH
                    000AH     0001H                  *** GAP ***
            CODE    000BH     0003H     ABSOLUTE     
            CODE    000EH     000DH     UNIT         ?PR?INIT_IIC?IIC
            CODE    001BH     0003H     ABSOLUTE     
                    001EH     0005H                  *** GAP ***
            CODE    0023H     0003H     ABSOLUTE     
            CODE    0026H     0C80H     UNIT         ?CO?TFT
            CODE    0CA6H     0AA9H     UNIT         ?C?LIB_CODE
            CODE    174FH     09AAH     UNIT         ?PR?SETPHONETOUCH?SETPHONE
            CODE    20F9H     08DFH     UNIT         ?PR?_TFT_SHOWSTRING_W25?TXT
            CODE    29D8H     063EH     UNIT         ?CO?FONT
            CODE    3016H     050CH     UNIT         ?PR?SETPHONEMFRAME?SETPHONE
            CODE    3522H     0483H     UNIT         ?PR?PRINTF?PRINTF
            CODE    39A5H     0310H     UNIT         ?PR?HUANJJIANCTOUCH?HUANJING
            CODE    3CB5H     02ABH     UNIT         ?PR?SENDMESSAGE?SENDMESSAGE
            CODE    3F60H     0271H     UNIT         ?PR?_TFT_SHOWSTRING?TFT
            CODE    41D1H     020BH     UNIT         ?PR?_LCD_DRAWLINE?TFT
            CODE    43DCH     01FFH     UNIT         ?PR?SENDMESSAGEFRAME?SENDMESSAGE
            CODE    45DBH     01EBH     UNIT         ?PR?SENDMESSAGETOUCH?SENDMESSAGE
BL51 BANKED LINKER/LOCATER V6.22                                                      06/19/2020  12:28:56  PAGE 3


            CODE    47C6H     01DCH     UNIT         ?PR?TFT_INIT?TFT
            CODE    49A2H     01CAH     UNIT         ?C_INITSEG
            CODE    4B6CH     01B2H     UNIT         ?PR?MAINFRAME?TOUCH_MAIN
            CODE    4D1EH     01ACH     UNIT         ?PR?HUMITUREFRAME?HUANJING
            CODE    4ECAH     01A5H     UNIT         ?PR?_DISP_BIN_PT_W25?BIN
            CODE    506FH     0198H     UNIT         ?PR?ZHUCE?ZHUCE
            CODE    5207H     017EH     UNIT         ?PR?_TFT_SHOWWORD_W25?TXT
            CODE    5385H     0171H     UNIT         ?PR?CONVERT_POS?TOUCH
            CODE    54F6H     016CH     UNIT         ?PR?FTINFOINT?FONTCHECK
            CODE    5662H     0137H     UNIT         ?PR?MAINTOUCH?TOUCH_MAIN
            CODE    5799H     0131H     UNIT         ?PR?_READ_ADS2?TOUCH
            CODE    58CAH     00FFH     UNIT         ?PR?_TFT_SHOWWORD?TFT
            CODE    59C9H     00F2H     UNIT         ?PR?REFLASH?SENDMESSAGE
            CODE    5ABBH     00EFH     UNIT         ?PR?HUANJINGMFRAME?HUANJING
            CODE    5BAAH     00E9H     UNIT         ?CO?SENDMESSAGE
            CODE    5C93H     00E7H     UNIT         ?PR?_LCD_DRAWRECTANGLE?TFT
            CODE    5D7AH     00E3H     UNIT         ?PR?BH1750?HUANJING
            CODE    5E5DH     00DEH     UNIT         ?PR?UART1_ISR?CHUANKOU
            CODE    5F3BH     00DEH     UNIT         ?PR?_ADS_READ_XY?TOUCH
            CODE    6019H     00C4H     UNIT         ?CO?TXT
            CODE    60DDH     00BDH     UNIT         ?CO?ZHUCE
            CODE    619AH     00B4H     UNIT         ?PR?_TFT_CLEARAREA?TFT
            CODE    624EH     00A1H     UNIT         ?PR?DH11GETHUMITURE?HUANJING
            CODE    62EFH     0096H     UNIT         ?PR?_SPI_PAGEREAD?FLASH
            CODE    6385H     0096H     UNIT         ?PR?FAILZHUCE?ZHUCE
            CODE    641BH     008CH     UNIT         ?C_C51STARTUP
            CODE    64A7H     008AH     UNIT         ?PR?_LCD_DRAWBOX?TFT
            CODE    6531H     0088H     UNIT         ?PR?_TFT_CLEARONELINE?TFT
            CODE    65B9H     007BH     UNIT         ?PR?_LCD_DRAWPOINT_BIG?TFT
            CODE    6634H     006FH     UNIT         ?PR?_TFT_CLEARBYCOLOR?TFT
            CODE    66A3H     0063H     UNIT         ?PR?_READ_ADS?TOUCH
            CODE    6706H     0062H     UNIT         ?PR?_TFT_ADDRESSSET?TFT
            CODE    6768H     0053H     UNIT         ?PR?FAILSEND?SENDMESSAGE
            CODE    67BBH     004EH     UNIT         ?PR?I2CRECVBYTE?IIC
            CODE    6809H     004DH     UNIT         ?CO?TOUCH_MAIN
            CODE    6856H     0047H     UNIT         ?PR?MULTIPLE_READ_BH1750?HUANJING
            CODE    689DH     0041H     UNIT         ?PR?DH11RECEIVEONEBYTE?HUANJING
            CODE    68DEH     0034H     UNIT         ?PR?_I2CSENDBYTE?IIC
            CODE    6912H     0034H     UNIT         ?PR?_SENDSTR1?CHUANKOU
            CODE    6946H     0033H     UNIT         ?PR?INIT?INIT
            CODE    6979H     002CH     UNIT         ?CO?HUANJING
            CODE    69A5H     0027H     UNIT         ?PR?PUTCHAR?PUTCHAR
            CODE    69CCH     0024H     UNIT         ?PR?INITSPI?FLASH
            CODE    69F0H     0022H     UNIT         ?PR?READFROMCHARFROM7843?TOUCH
            CODE    6A12H     0021H     UNIT         ?PR?I2CRECVACK?IIC
            CODE    6A33H     0020H     UNIT         ?PR?_DELAYMS?DELAY
            CODE    6A53H     0020H     UNIT         ?PR?TIME0_ISRMS?INTERRUPT
            CODE    6A73H     001EH     UNIT         ?CO?SETPHONE
            CODE    6A91H     001AH     UNIT         ?PR?_DELAY?DELAY
            CODE    6AABH     0019H     UNIT         ?PR?TIME1_ISR20MS?INTERRUPT
            CODE    6AC4H     0019H     UNIT         ?PR?_SINGLE_WRITE_BH1750?HUANJING
            CODE    6ADDH     0019H     UNIT         ?PR?CHUANKOUIOINIT?CHUANKOU
            CODE    6AF6H     0018H     UNIT         ?PR?TFT_IO_INIT?TFT
            CODE    6B0EH     0018H     UNIT         ?PR?_WRITECHARTO7843?TOUCH
            CODE    6B26H     0017H     UNIT         ?PR?I2CSTART?IIC
            CODE    6B3DH     0017H     UNIT         ?PR?I2CSENDACK?IIC
            CODE    6B54H     0017H     UNIT         ?PR?DH11START?HUANJING
BL51 BANKED LINKER/LOCATER V6.22                                                      06/19/2020  12:28:56  PAGE 4


            CODE    6B6BH     0015H     UNIT         ?PR?I2CSTOP?IIC
            CODE    6B80H     0015H     UNIT         ?PR?_STRLEN?STRLEN
            CODE    6B95H     0011H     UNIT         ?PR?W25Q16_READSTATUS?FLASH
            CODE    6BA6H     0011H     UNIT         ?PR?USART1_INIT?CHUANKOU
            CODE    6BB7H     000FH     UNIT         ?PR?_SENDDATA1?CHUANKOU
            CODE    6BC6H     000EH     UNIT         ?PR?TIME1_INIT20MS?INTERRUPT
            CODE    6BD4H     000DH     UNIT         ?PR?_SPISENDDATA?FLASH
            CODE    6BE1H     000CH     UNIT         ?CO?CHUANKOU
            CODE    6BEDH     000CH     UNIT         ?PR?_TFT_WR_DATA?TFT
            CODE    6BF9H     000CH     UNIT         ?PR?_TFT_WR_REG?TFT
            CODE    6C05H     000BH     UNIT         ?PR?_TFT_WRIT_BUS?TFT
            CODE    6C10H     000BH     UNIT         ?PR?_ADS_READ_AD?TOUCH
            CODE    6C1BH     000AH     UNIT         ?PR?HUANJINGIOINIT?HUANJING
            CODE    6C25H     0009H     UNIT         ?PR?MAIN?MAIN
            CODE    6C2EH     0009H     UNIT         ?PR?DHT_IO_OUT?HUANJING
            CODE    6C37H     0009H     UNIT         ?PR?DHT_IO_IN?HUANJING
            CODE    6C40H     0006H     UNIT         ?PR?INIT_BH1750?HUANJING
            CODE    6C46H     0006H     UNIT         ?PR?_TFT_WR_DATA8?TFT
            CODE    6C4CH     0006H     UNIT         ?PR?TOUCH_IRQ?TOUCH



OVERLAY MAP OF MODULE:   weather_station (MAIN)


SEGMENT                                      BIT_GROUP          DATA_GROUP          XDATA_GROUP
  +--> CALLED SEGMENT                     START    LENGTH     START    LENGTH     START    LENGTH
-------------------------------------------------------------------------------------------------
?PR?UART1_ISR?CHUANKOU                    -----    -----      -----    -----      0178H    0001H
  +--> ?CO?CHUANKOU

*** NEW ROOT ***************************************************

?C_C51STARTUP                             -----    -----      -----    -----      -----    -----
  +--> ?PR?MAIN?MAIN
  +--> ?C_INITSEG

?PR?MAIN?MAIN                             -----    -----      -----    -----      -----    -----
  +--> ?PR?INIT?INIT
  +--> ?PR?MAINTOUCH?TOUCH_MAIN

?PR?INIT?INIT                             -----    -----      -----    -----      -----    -----
  +--> ?PR?TFT_INIT?TFT
  +--> ?PR?TOUCH_INITSPI?TOUCH
  +--> ?PR?INITSPI?FLASH
  +--> ?PR?FTINFOINT?FONTCHECK
  +--> ?PR?ZHUCE?ZHUCE

?PR?TFT_INIT?TFT                          -----    -----      -----    -----      -----    -----
  +--> ?PR?TFT_IO_INIT?TFT
  +--> ?PR?_DELAYMS?DELAY
  +--> ?PR?_TFT_WR_REG?TFT
  +--> ?PR?_TFT_WR_DATA?TFT
  +--> ?PR?_TFT_CLEARBYCOLOR?TFT

?PR?_TFT_WR_REG?TFT                       -----    -----      -----    -----      -----    -----
  +--> ?PR?_TFT_WRIT_BUS?TFT
BL51 BANKED LINKER/LOCATER V6.22                                                      06/19/2020  12:28:56  PAGE 5



?PR?_TFT_WR_DATA?TFT                      -----    -----      -----    -----      -----    -----
  +--> ?PR?_TFT_WRIT_BUS?TFT

?PR?_TFT_CLEARBYCOLOR?TFT                 -----    -----      -----    -----      0179H    0006H
  +--> ?PR?_TFT_ADDRESSSET?TFT
  +--> ?PR?_TFT_WR_DATA?TFT

?PR?_TFT_ADDRESSSET?TFT                   -----    -----      -----    -----      0293H    0008H
  +--> ?PR?_TFT_WR_REG?TFT
  +--> ?PR?_TFT_WR_DATA?TFT

?PR?ZHUCE?ZHUCE                           -----    -----      -----    -----      0179H    0002H
  +--> ?PR?CHUANKOUIOINIT?CHUANKOU
  +--> ?PR?USART1_INIT?CHUANKOU
  +--> ?PR?_TFT_CLEARAREA?TFT
  +--> ?PR?_TFT_CLEARONELINE?TFT
  +--> ?CO?ZHUCE
  +--> ?PR?_TFT_SHOWSTRING_W25?TXT
  +--> ?PR?_DELAYMS?DELAY
  +--> ?PR?_TFT_SHOWSTRING?TFT
  +--> ?PR?FAILZHUCE?ZHUCE

?PR?_TFT_CLEARAREA?TFT                    -----    -----      -----    -----      0195H    000EH
  +--> ?PR?_TFT_ADDRESSSET?TFT
  +--> ?PR?_TFT_WR_DATA?TFT

?PR?_TFT_CLEARONELINE?TFT                 -----    -----      -----    -----      017BH    0008H
  +--> ?PR?_TFT_ADDRESSSET?TFT
  +--> ?PR?_TFT_WR_DATA?TFT

?PR?_TFT_SHOWSTRING_W25?TXT               -----    -----      -----    -----      0195H    00E7H
  +--> ?CO?TXT
  +--> ?PR?_STRLEN?STRLEN
  +--> ?PR?_SPI_PAGEREAD?FLASH
  +--> ?PR?_TFT_SHOWWORD_W25?TXT

?PR?_SPI_PAGEREAD?FLASH                   -----    -----      -----    -----      027CH    0009H
  +--> ?PR?W25Q16_READSTATUS?FLASH
  +--> ?PR?_SPISENDDATA?FLASH

?PR?W25Q16_READSTATUS?FLASH               -----    -----      -----    -----      -----    -----
  +--> ?PR?_SPISENDDATA?FLASH

?PR?_TFT_SHOWWORD_W25?TXT                 -----    -----      -----    -----      027CH    0017H
  +--> ?PR?_TFT_ADDRESSSET?TFT
  +--> ?PR?_TFT_WR_DATA?TFT

?PR?_TFT_SHOWSTRING?TFT                   -----    -----      -----    -----      0195H    0013H
  +--> ?PR?_STRLEN?STRLEN
  +--> ?CO?FONT
  +--> ?PR?_TFT_SHOWWORD?TFT

?PR?_TFT_SHOWWORD?TFT                     -----    -----      -----    -----      01A8H    0011H
  +--> ?PR?_TFT_ADDRESSSET?TFT
  +--> ?PR?_TFT_WR_DATA?TFT

BL51 BANKED LINKER/LOCATER V6.22                                                      06/19/2020  12:28:56  PAGE 6


?PR?FAILZHUCE?ZHUCE                       -----    -----      -----    -----      -----    -----
  +--> ?PR?_TFT_CLEARONELINE?TFT
  +--> ?CO?ZHUCE
  +--> ?PR?_TFT_SHOWSTRING_W25?TXT
  +--> ?PR?_DELAYMS?DELAY
  +--> ?PR?_TFT_SHOWSTRING?TFT
  +--> ?PR?TOUCH_IRQ?TOUCH

?PR?MAINTOUCH?TOUCH_MAIN                  -----    -----      -----    -----      -----    -----
  +--> ?PR?MAINFRAME?TOUCH_MAIN
  +--> ?PR?TOUCH_IRQ?TOUCH
  +--> ?PR?CONVERT_POS?TOUCH
  +--> ?CO?TOUCH_MAIN
  +--> ?PR?_TFT_SHOWSTRING_W25?TXT
  +--> ?PR?SENDMESSAGETOUCH?SENDMESSAGE
  +--> ?PR?HUANJJIANCTOUCH?HUANJING
  +--> ?PR?SETPHONETOUCH?SETPHONE

?PR?MAINFRAME?TOUCH_MAIN                  -----    -----      -----    -----      -----    -----
  +--> ?PR?_TFT_CLEARONELINE?TFT
  +--> ?CO?TOUCH_MAIN
  +--> ?PR?_TFT_SHOWSTRING?TFT
  +--> ?PR?_TFT_SHOWSTRING_W25?TXT
  +--> ?PR?_TFT_CLEARAREA?TFT
  +--> ?PR?_DISP_BIN_PT_W25?BIN

?PR?_DISP_BIN_PT_W25?BIN                  -----    -----      -----    -----      0179H    001EH
  +--> ?PR?_SPI_PAGEREAD?FLASH
  +--> ?PR?_TFT_ADDRESSSET?TFT
  +--> ?PR?_TFT_WR_DATA8?TFT

?PR?_TFT_WR_DATA8?TFT                     -----    -----      -----    -----      -----    -----
  +--> ?PR?_TFT_WRIT_BUS?TFT

?PR?CONVERT_POS?TOUCH                     -----    -----      -----    -----      0195H    0001H
  +--> ?PR?_READ_ADS2?TOUCH

?PR?_READ_ADS2?TOUCH                      -----    -----      -----    -----      0196H    000EH
  +--> ?PR?_READ_ADS?TOUCH

?PR?_READ_ADS?TOUCH                       -----    -----      -----    -----      01A4H    0008H
  +--> ?PR?_ADS_READ_XY?TOUCH

?PR?_ADS_READ_XY?TOUCH                    -----    -----      -----    -----      01ACH    0022H
  +--> ?PR?_ADS_READ_AD?TOUCH

?PR?_ADS_READ_AD?TOUCH                    -----    -----      -----    -----      -----    -----
  +--> ?PR?_WRITECHARTO7843?TOUCH
  +--> ?PR?READFROMCHARFROM7843?TOUCH

?PR?SENDMESSAGETOUCH?SENDMESSAGE          -----    -----      -----    -----      -----    -----
  +--> ?PR?HUANJINGIOINIT?HUANJING
  +--> ?PR?INIT_BH1750?HUANJING
  +--> ?PR?SENDMESSAGEFRAME?SENDMESSAGE
  +--> ?PR?REFLASH?SENDMESSAGE
  +--> ?PR?TOUCH_IRQ?TOUCH
  +--> ?PR?CONVERT_POS?TOUCH
BL51 BANKED LINKER/LOCATER V6.22                                                      06/19/2020  12:28:56  PAGE 7


  +--> ?CO?SENDMESSAGE
  +--> ?PR?_TFT_SHOWSTRING_W25?TXT
  +--> ?PR?_LCD_DRAWBOX?TFT
  +--> ?PR?_TFT_SHOWSTRING?TFT
  +--> ?PR?SENDMESSAGE?SENDMESSAGE

?PR?HUANJINGIOINIT?HUANJING               -----    -----      -----    -----      -----    -----
  +--> ?PR?INIT_IIC?IIC

?PR?INIT_BH1750?HUANJING                  -----    -----      -----    -----      -----    -----
  +--> ?PR?_SINGLE_WRITE_BH1750?HUANJING

?PR?_SINGLE_WRITE_BH1750?HUANJING         -----    -----      -----    -----      0195H    0001H
  +--> ?PR?I2CSTART?IIC
  +--> ?PR?_I2CSENDBYTE?IIC
  +--> ?PR?I2CSTOP?IIC

?PR?I2CSTART?IIC                          -----    -----      -----    -----      -----    -----
  +--> ?PR?_DELAY?DELAY

?PR?_I2CSENDBYTE?IIC                      -----    -----      -----    -----      0196H    0002H
  +--> ?PR?_DELAY?DELAY
  +--> ?PR?I2CRECVACK?IIC

?PR?I2CRECVACK?IIC                        -----    -----      -----    -----      -----    -----
  +--> ?PR?_DELAY?DELAY

?PR?I2CSTOP?IIC                           -----    -----      -----    -----      -----    -----
  +--> ?PR?_DELAY?DELAY

?PR?SENDMESSAGEFRAME?SENDMESSAGE          -----    -----      -----    -----      -----    -----
  +--> ?PR?_TFT_CLEARAREA?TFT
  +--> ?PR?_LCD_DRAWRECTANGLE?TFT
  +--> ?PR?_LCD_DRAWBOX?TFT
  +--> ?CO?SENDMESSAGE
  +--> ?PR?_TFT_SHOWSTRING?TFT
  +--> ?PR?_TFT_SHOWSTRING_W25?TXT

?PR?_LCD_DRAWRECTANGLE?TFT                -----    -----      -----    -----      0179H    000AH
  +--> ?PR?_LCD_DRAWLINE?TFT

?PR?_LCD_DRAWLINE?TFT                     -----    -----      -----    -----      0195H    001EH
  +--> ?PR?_LCD_DRAWPOINT_BIG?TFT

?PR?_LCD_DRAWPOINT_BIG?TFT                -----    -----      -----    -----      01B3H    0007H
  +--> ?PR?_TFT_ADDRESSSET?TFT
  +--> ?PR?_TFT_WR_DATA?TFT

?PR?_LCD_DRAWBOX?TFT                      -----    -----      -----    -----      017DH    000AH
  +--> ?PR?_TFT_ADDRESSSET?TFT
  +--> ?PR?_TFT_WR_DATA?TFT

?PR?REFLASH?SENDMESSAGE                   -----    -----      -----    -----      -----    -----
  +--> ?PR?BH1750?HUANJING
  +--> ?PR?DH11GETHUMITURE?HUANJING
  +--> ?CO?SENDMESSAGE
  +--> ?PR?PRINTF?PRINTF
BL51 BANKED LINKER/LOCATER V6.22                                                      06/19/2020  12:28:56  PAGE 8


  +--> ?PR?_TFT_SHOWSTRING?TFT

?PR?BH1750?HUANJING                       -----    -----      -----    -----      -----    -----
  +--> ?PR?_SINGLE_WRITE_BH1750?HUANJING
  +--> ?PR?_DELAYMS?DELAY
  +--> ?PR?MULTIPLE_READ_BH1750?HUANJING

?PR?MULTIPLE_READ_BH1750?HUANJING         -----    -----      -----    -----      0195H    0001H
  +--> ?PR?I2CSTART?IIC
  +--> ?PR?_I2CSENDBYTE?IIC
  +--> ?PR?I2CRECVBYTE?IIC
  +--> ?PR?I2CSENDACK?IIC
  +--> ?PR?I2CSTOP?IIC
  +--> ?PR?_DELAYMS?DELAY

?PR?I2CRECVBYTE?IIC                       -----    -----      -----    -----      0196H    0002H
  +--> ?PR?_DELAY?DELAY

?PR?I2CSENDACK?IIC                        0020H.0  0000H.1    -----    -----      -----    -----
  +--> ?PR?_DELAY?DELAY

?PR?DH11GETHUMITURE?HUANJING              -----    -----      -----    -----      0195H    0001H
  +--> ?PR?DH11START?HUANJING
  +--> ?PR?_DELAY?DELAY
  +--> ?PR?DH11RECEIVEONEBYTE?HUANJING
  +--> ?PR?DHT_IO_OUT?HUANJING

?PR?DH11START?HUANJING                    -----    -----      -----    -----      -----    -----
  +--> ?PR?DHT_IO_OUT?HUANJING
  +--> ?PR?_DELAYMS?DELAY
  +--> ?PR?DHT_IO_IN?HUANJING
  +--> ?PR?_DELAY?DELAY

?PR?DH11RECEIVEONEBYTE?HUANJING           -----    -----      -----    -----      0196H    0002H
  +--> ?PR?_DELAY?DELAY

?PR?PRINTF?PRINTF                         0020H.0  0001H.1    0008H    0005H      017DH    0030H
  +--> ?PR?PUTCHAR?PUTCHAR

?PR?SENDMESSAGE?SENDMESSAGE               -----    -----      -----    -----      0179H    0004H
  +--> ?PR?_LCD_DRAWBOX?TFT
  +--> ?CO?SENDMESSAGE
  +--> ?PR?_TFT_SHOWSTRING?TFT
  +--> ?PR?PRINTF?PRINTF
  +--> ?PR?_SENDSTR1?CHUANKOU
  +--> ?PR?_DELAYMS?DELAY
  +--> ?PR?FAILSEND?SENDMESSAGE
  +--> ?PR?_TFT_SHOWSTRING_W25?TXT

?PR?_SENDSTR1?CHUANKOU                    -----    -----      -----    -----      017DH    0003H
  +--> ?PR?_SENDDATA1?CHUANKOU

?PR?FAILSEND?SENDMESSAGE                  -----    -----      -----    -----      -----    -----
  +--> ?PR?_LCD_DRAWBOX?TFT
  +--> ?CO?SENDMESSAGE
  +--> ?PR?_TFT_SHOWSTRING_W25?TXT
  +--> ?PR?_DELAYMS?DELAY
BL51 BANKED LINKER/LOCATER V6.22                                                      06/19/2020  12:28:56  PAGE 9



?PR?HUANJJIANCTOUCH?HUANJING              -----    -----      -----    -----      0179H    001CH
  +--> ?CO?HUANJING
  +--> ?PR?HUANJINGMFRAME?HUANJING
  +--> ?PR?HUANJINGIOINIT?HUANJING
  +--> ?PR?HUMITUREFRAME?HUANJING
  +--> ?PR?INIT_BH1750?HUANJING
  +--> ?PR?TIME1_INIT20MS?INTERRUPT
  +--> ?PR?TOUCH_IRQ?TOUCH
  +--> ?PR?CONVERT_POS?TOUCH
  +--> ?PR?_TFT_SHOWSTRING_W25?TXT
  +--> ?PR?BH1750?HUANJING
  +--> ?PR?_TFT_SHOWSTRING?TFT
  +--> ?PR?DH11GETHUMITURE?HUANJING
  +--> ?PR?_LCD_DRAWLINE?TFT

?PR?HUANJINGMFRAME?HUANJING               -----    -----      -----    -----      -----    -----
  +--> ?PR?_TFT_CLEARAREA?TFT
  +--> ?CO?HUANJING
  +--> ?PR?_TFT_SHOWSTRING_W25?TXT

?PR?HUMITUREFRAME?HUANJING                -----    -----      -----    -----      -----    -----
  +--> ?PR?_TFT_CLEARAREA?TFT
  +--> ?PR?_LCD_DRAWLINE?TFT

?PR?SETPHONETOUCH?SETPHONE                -----    -----      -----    -----      -----    -----
  +--> ?PR?SETPHONEMFRAME?SETPHONE
  +--> ?PR?_TFT_SHOWSTRING?TFT
  +--> ?PR?TOUCH_IRQ?TOUCH
  +--> ?PR?CONVERT_POS?TOUCH
  +--> ?PR?_LCD_DRAWBOX?TFT
  +--> ?CO?SETPHONE

?PR?SETPHONEMFRAME?SETPHONE               -----    -----      -----    -----      -----    -----
  +--> ?PR?_TFT_CLEARAREA?TFT
  +--> ?PR?_LCD_DRAWRECTANGLE?TFT
  +--> ?PR?_LCD_DRAWBOX?TFT
  +--> ?PR?_TFT_SHOWSTRING?TFT
  +--> ?CO?SETPHONE



SYMBOL TABLE OF MODULE:  weather_station (MAIN)

  VALUE           TYPE          NAME
  ----------------------------------

  -------         MODULE        MAIN
  C:0000H         SYMBOL        _ICE_DUMMY_
  C:6C25H         PUBLIC        main
  -------         PROC          MAIN
  C:6C25H         LINE#         3
  C:6C25H         LINE#         4
  C:6C25H         LINE#         5
  C:6C28H         LINE#         7
  C:6C28H         LINE#         8
  C:6C28H         LINE#         9
BL51 BANKED LINKER/LOCATER V6.22                                                      06/19/2020  12:28:56  PAGE 10


  C:6C2BH         LINE#         10
  -------         ENDPROC       MAIN
  -------         ENDMOD        MAIN

  -------         MODULE        BIN
  C:0000H         SYMBOL        _ICE_DUMMY_
  D:0080H         PUBLIC        P0
  D:0090H         PUBLIC        P1
  D:00A0H         PUBLIC        P2
  D:00B0H         PUBLIC        P3
  D:00C0H         PUBLIC        P4
  D:00C8H         PUBLIC        P5
  D:00E8H         PUBLIC        P6
  D:00F8H         PUBLIC        P7
  D:00A8H         PUBLIC        IE
  C:4ECAH         PUBLIC        _DISP_BIN_PT_W25
  D:00B8H         PUBLIC        IP
  D:00D8H         PUBLIC        CCON
  D:0098H         PUBLIC        SCON
  D:0088H         PUBLIC        TCON
  D:00D0H         PUBLIC        PSW
  -------         PROC          _DISP_BIN_PT_W25
  X:0179H         SYMBOL        x1
  X:017BH         SYMBOL        y1
  X:017DH         SYMBOL        width
  X:017FH         SYMBOL        height
  X:0181H         SYMBOL        tReadAddr1
  X:0185H         SYMBOL        tReadAddr2
  -------         DO            
  X:0189H         SYMBOL        tmp_Char_Model
  X:018BH         SYMBOL        total
  X:018FH         SYMBOL        i
  X:0193H         SYMBOL        x
  X:0195H         SYMBOL        y
  -------         ENDDO         
  C:4ECAH         LINE#         17
  C:4EDEH         LINE#         18
  C:4EDEH         LINE#         20
  C:4EE8H         LINE#         25
  C:4EF7H         LINE#         26
  C:4F06H         LINE#         39
  C:4F55H         LINE#         40
  C:4F55H         LINE#         41
  C:4F8DH         LINE#         42
  C:4FB4H         LINE#         43
  C:4FC1H         LINE#         45
  C:4FCFH         LINE#         46
  C:4FEFH         LINE#         47
  C:4FEFH         LINE#         48
  C:4FFDH         LINE#         49
  C:5005H         LINE#         50
  C:5025H         LINE#         51
  C:502DH         LINE#         52
  C:502DH         LINE#         53
  C:504CH         LINE#         54
  C:506EH         LINE#         60
  -------         ENDPROC       _DISP_BIN_PT_W25
BL51 BANKED LINKER/LOCATER V6.22                                                      06/19/2020  12:28:56  PAGE 11


  -------         ENDMOD        BIN

  -------         MODULE        DELAY
  C:0000H         SYMBOL        _ICE_DUMMY_
  C:6A91H         PUBLIC        _delay
  C:6A33H         PUBLIC        _delayms
  -------         PROC          _DELAY
  D:0006H         SYMBOL        count
  C:6A91H         LINE#         2
  C:6A91H         LINE#         3
  C:6A91H         LINE#         4
  C:6A9BH         LINE#         5
  C:6AA2H         LINE#         6
  C:6AA8H         LINE#         7
  C:6AAAH         LINE#         8
  -------         ENDPROC       _DELAY
  -------         PROC          _DELAYMS
  D:0006H         SYMBOL        count
  -------         DO            
  D:0004H         SYMBOL        i
  D:0002H         SYMBOL        j
  -------         ENDDO         
  C:6A33H         LINE#         9
  C:6A33H         LINE#         10
  C:6A33H         LINE#         12
  C:6A3DH         LINE#         13
  C:6A52H         LINE#         15
  -------         ENDPROC       _DELAYMS
  -------         ENDMOD        DELAY

  -------         MODULE        IIC
  C:0000H         SYMBOL        _ICE_DUMMY_
  D:0080H         PUBLIC        P0
  D:0090H         PUBLIC        P1
  B:00C0H.6       PUBLIC        I2C_SCL
  D:00B4H         PUBLIC        P4M0
  D:00A0H         PUBLIC        P2
  D:00B3H         PUBLIC        P4M1
  D:00B0H         PUBLIC        P3
  D:00C0H         PUBLIC        P4
  D:00C8H         PUBLIC        P5
  D:00E8H         PUBLIC        P6
  D:00F8H         PUBLIC        P7
  D:00A8H         PUBLIC        IE
  D:00B8H         PUBLIC        IP
  C:6B3DH         PUBLIC        I2CSendACK
  B:00D0H.7       PUBLIC        CY
  C:6A12H         PUBLIC        I2CRecvACK
  D:00D8H         PUBLIC        CCON
  D:0098H         PUBLIC        SCON
  D:0088H         PUBLIC        TCON
  C:000EH         PUBLIC        Init_IIC
  C:6B26H         PUBLIC        I2CStart
  C:68DEH         PUBLIC        _I2CSendByte
  C:6B6BH         PUBLIC        I2CStop
  C:67BBH         PUBLIC        I2CRecvByte
  B:00C0H.5       PUBLIC        I2C_SDA
BL51 BANKED LINKER/LOCATER V6.22                                                      06/19/2020  12:28:56  PAGE 12


  D:00D0H         PUBLIC        PSW
  -------         PROC          INIT_IIC
  C:000EH         LINE#         10
  C:000EH         LINE#         11
  C:000EH         LINE#         12
  C:0011H         LINE#         13
  C:0014H         LINE#         15
  C:0017H         LINE#         16
  C:001AH         LINE#         18
  -------         ENDPROC       INIT_IIC
  -------         PROC          I2CSTART
  C:6B26H         LINE#         23
  C:6B26H         LINE#         24
  C:6B26H         LINE#         25
  C:6B28H         LINE#         26
  C:6B2AH         LINE#         27
  C:6B31H         LINE#         28
  C:6B33H         LINE#         29
  C:6B3AH         LINE#         30
  C:6B3CH         LINE#         31
  -------         ENDPROC       I2CSTART
  -------         PROC          I2CSTOP
  C:6B6BH         LINE#         36
  C:6B6BH         LINE#         37
  C:6B6BH         LINE#         38
  C:6B6DH         LINE#         39
  C:6B6FH         LINE#         40
  C:6B76H         LINE#         41
  C:6B78H         LINE#         42
  C:6B7FH         LINE#         43
  -------         ENDPROC       I2CSTOP
  -------         PROC          I2CSENDACK
  B:0020H.0       SYMBOL        ack
  C:6B3DH         LINE#         49
  C:6B3DH         LINE#         50
  C:6B3DH         LINE#         51
  C:6B41H         LINE#         52
  C:6B43H         LINE#         53
  C:6B4AH         LINE#         54
  C:6B4CH         LINE#         55
  C:6B53H         LINE#         56
  -------         ENDPROC       I2CSENDACK
  -------         PROC          I2CRECVACK
  C:6A12H         LINE#         61
  C:6A12H         LINE#         62
  C:6A12H         LINE#         63
  C:6A14H         LINE#         65
  C:6A17H         LINE#         66
  C:6A1AH         LINE#         68
  C:6A21H         LINE#         69
  C:6A23H         LINE#         70
  C:6A25H         LINE#         72
  C:6A28H         LINE#         73
  C:6A2BH         LINE#         75
  C:6A32H         LINE#         77
  C:6A32H         LINE#         78
  -------         ENDPROC       I2CRECVACK
BL51 BANKED LINKER/LOCATER V6.22                                                      06/19/2020  12:28:56  PAGE 13


  -------         PROC          _I2CSENDBYTE
  X:0196H         SYMBOL        dat
  -------         DO            
  X:0197H         SYMBOL        i
  -------         ENDDO         
  C:68DEH         LINE#         83
  C:68E3H         LINE#         84
  C:68E3H         LINE#         87
  C:68E6H         LINE#         88
  C:68E6H         LINE#         89
  C:68EEH         LINE#         90
  C:68F0H         LINE#         91
  C:68F2H         LINE#         92
  C:68F9H         LINE#         93
  C:68FBH         LINE#         94
  C:6902H         LINE#         95
  C:690EH         LINE#         96
  C:6911H         LINE#         97
  -------         ENDPROC       _I2CSENDBYTE
  -------         PROC          I2CRECVBYTE
  -------         DO            
  X:0196H         SYMBOL        i
  X:0197H         SYMBOL        dat
  -------         ENDDO         
  C:67BBH         LINE#         102
  C:67BBH         LINE#         103
  C:67BBH         LINE#         105
  C:67C0H         LINE#         107
  C:67C3H         LINE#         108
  C:67C6H         LINE#         110
  C:67CAH         LINE#         111
  C:67CAH         LINE#         112
  C:67D2H         LINE#         113
  C:67D4H         LINE#         114
  C:67DBH         LINE#         115
  C:67E8H         LINE#         116
  C:67EAH         LINE#         117
  C:67F1H         LINE#         118
  C:67FDH         LINE#         120
  C:6800H         LINE#         121
  C:6803H         LINE#         122
  C:6808H         LINE#         123
  -------         ENDPROC       I2CRECVBYTE
  -------         ENDMOD        IIC

  -------         MODULE        INTERRUPT
  C:0000H         SYMBOL        _ICE_DUMMY_
  D:0080H         PUBLIC        P0
  D:0090H         PUBLIC        P1
  D:00A0H         PUBLIC        P2
  D:00B0H         PUBLIC        P3
  D:00C0H         PUBLIC        P4
  D:00C8H         PUBLIC        P5
  B:00A8H.7       PUBLIC        EA
  D:00E8H         PUBLIC        P6
  D:00F8H         PUBLIC        P7
  D:00A8H         PUBLIC        IE
BL51 BANKED LINKER/LOCATER V6.22                                                      06/19/2020  12:28:56  PAGE 14


  D:00B8H         PUBLIC        IP
  D:00D8H         PUBLIC        CCON
  D:0098H         PUBLIC        SCON
  D:0089H         PUBLIC        TMOD
  D:0088H         PUBLIC        TCON
  B:00C0H.2       PUBLIC        P42
  X:0387H         PUBLIC        BEEPON
  C:6BC6H         PUBLIC        Time1_Init20MS
  B:00A8H.3       PUBLIC        ET1
  D:008CH         PUBLIC        TH0
  D:008DH         PUBLIC        TH1
  D:008AH         PUBLIC        TL0
  D:008BH         PUBLIC        TL1
  C:6AABH         PUBLIC        Time1_Isr20MS
  C:6A53H         PUBLIC        Time0_IsrMS
  X:0388H         PUBLIC        CountNumber
  D:00D0H         PUBLIC        PSW
  -------         PROC          TIME1_INIT20MS
  C:6BC6H         LINE#         17
  C:6BC6H         LINE#         18
  C:6BC6H         LINE#         19
  C:6BC9H         LINE#         20
  C:6BCCH         LINE#         21
  C:6BCFH         LINE#         22
  C:6BD1H         LINE#         24
  C:6BD3H         LINE#         25
  -------         ENDPROC       TIME1_INIT20MS
  -------         PROC          TIME0_ISRMS
  C:6A53H         LINE#         30
  C:6A5BH         LINE#         32
  C:6A5EH         LINE#         33
  C:6A61H         LINE#         34
  C:6A6AH         LINE#         35
  -------         ENDPROC       TIME0_ISRMS
  -------         PROC          TIME1_ISR20MS
  C:6AABH         LINE#         37
  C:6AB1H         LINE#         40
  C:6AB4H         LINE#         41
  C:6AB7H         LINE#         42
  C:6ABDH         LINE#         44
  -------         ENDPROC       TIME1_ISR20MS
  -------         ENDMOD        INTERRUPT

  -------         MODULE        FLASH
  C:0000H         SYMBOL        _ICE_DUMMY_
  D:0092H         PUBLIC        P1M0
  D:0091H         PUBLIC        P1M1
  D:0080H         PUBLIC        P0
  D:0090H         PUBLIC        P1
  D:00A0H         PUBLIC        P2
  D:00CAH         PUBLIC        P5M0
  D:00B0H         PUBLIC        P3
  D:00C9H         PUBLIC        P5M1
  D:00C0H         PUBLIC        P4
  D:00C8H         PUBLIC        P5
  D:00E8H         PUBLIC        P6
  D:00F8H         PUBLIC        P7
BL51 BANKED LINKER/LOCATER V6.22                                                      06/19/2020  12:28:56  PAGE 15


  D:00CEH         PUBLIC        SPCTL
  C:62EFH         PUBLIC        _Spi_PageRead
  D:00A2H         PUBLIC        P_SW1
  D:00A8H         PUBLIC        IE
  D:00B8H         PUBLIC        IP
  X:037FH         PUBLIC        DEVICE_ID
  X:0381H         PUBLIC        t_read1
  D:00D8H         PUBLIC        CCON
  D:0098H         PUBLIC        SCON
  B:00C8H.0       PUBLIC        W25_CS
  D:0088H         PUBLIC        TCON
  C:6BD4H         PUBLIC        _SpiSendData
  B:0021H.1       PUBLIC        f_spistatus
  C:69CCH         PUBLIC        InitSpi
  D:00E0H         PUBLIC        ACC
  C:6B95H         PUBLIC        W25Q16_ReadStatus
  D:00CDH         PUBLIC        SPSTAT
  X:0383H         PUBLIC        tgmread
  X:0385H         PUBLIC        t_read
  D:00D0H         PUBLIC        PSW
  D:00CFH         PUBLIC        SPDAT
  -------         PROC          INITSPI
  C:69CCH         LINE#         34
  C:69CCH         LINE#         35
  C:69CCH         LINE#         36
  C:69CFH         LINE#         37
  C:69D2H         LINE#         39
  C:69D5H         LINE#         40
  C:69D8H         LINE#         42
  C:69DBH         LINE#         43
  C:69DEH         LINE#         45
  C:69E0H         LINE#         46
  C:69E2H         LINE#         47
  C:69E4H         LINE#         49
  C:69E7H         LINE#         50
  C:69E9H         LINE#         51
  C:69ECH         LINE#         52
  C:69EFH         LINE#         57
  -------         ENDPROC       INITSPI
  -------         PROC          W25Q16_READSTATUS
  -------         DO            
  D:0007H         SYMBOL        status
  -------         ENDDO         
  C:6B95H         LINE#         61
  C:6B95H         LINE#         62
  C:6B95H         LINE#         63
  C:6B97H         LINE#         64
  C:6B99H         LINE#         65
  C:6B9EH         LINE#         66
  C:6BA3H         LINE#         67
  C:6BA5H         LINE#         68
  C:6BA5H         LINE#         69
  -------         ENDPROC       W25Q16_READSTATUS
  -------         PROC          _SPISENDDATA
  D:0007H         SYMBOL        tData
  C:6BD4H         LINE#         104
  C:6BD4H         LINE#         105
BL51 BANKED LINKER/LOCATER V6.22                                                      06/19/2020  12:28:56  PAGE 16


  C:6BD4H         LINE#         106
  C:6BD6H         LINE#         107
  C:6BDBH         LINE#         108
  C:6BDEH         LINE#         109
  C:6BE0H         LINE#         110
  -------         ENDPROC       _SPISENDDATA
  -------         PROC          _SPI_PAGEREAD
  X:027CH         SYMBOL        pBuf
  X:027FH         SYMBOL        tReadAddr
  X:0283H         SYMBOL        tNum
  C:62EFH         LINE#         305
  C:62FEH         LINE#         306
  C:62FEH         LINE#         307
  C:6305H         LINE#         308
  C:6307H         LINE#         310
  C:630CH         LINE#         312
  C:6327H         LINE#         313
  C:6342H         LINE#         314
  C:6354H         LINE#         316
  C:6362H         LINE#         317
  C:6362H         LINE#         319
  C:6376H         LINE#         320
  C:6380H         LINE#         322
  C:6382H         LINE#         323
  C:6384H         LINE#         324
  -------         ENDPROC       _SPI_PAGEREAD
  -------         ENDMOD        FLASH

  -------         MODULE        HUANJING
  C:0000H         SYMBOL        _ICE_DUMMY_
  X:034AH         PUBLIC        T_L
  D:0080H         PUBLIC        P0
  C:6B54H         PUBLIC        DH11Start
  D:0090H         PUBLIC        P1
  D:00B4H         PUBLIC        P4M0
  D:00A0H         PUBLIC        P2
  D:00B3H         PUBLIC        P4M1
  D:00B0H         PUBLIC        P3
  D:00C0H         PUBLIC        P4
  D:00C8H         PUBLIC        P5
  D:00E8H         PUBLIC        P6
  D:00F8H         PUBLIC        P7
  C:6856H         PUBLIC        Multiple_read_BH1750
  C:6AC4H         PUBLIC        _Single_Write_BH1750
  D:00A8H         PUBLIC        IE
  X:034BH         PUBLIC        BH1750_BUF
  D:00B8H         PUBLIC        IP
  X:034EH         PUBLIC        GZData
  D:00D8H         PUBLIC        CCON
  X:0350H         PUBLIC        DispBuf
  C:6C2EH         PUBLIC        DHT_IO_OUT
  D:0098H         PUBLIC        SCON
  D:0088H         PUBLIC        TCON
  X:0356H         PUBLIC        humitureH
  C:69A2H         SYMBOL        _?ix1000
  C:4D1EH         PUBLIC        HumitureFrame
  B:00A8H.3       PUBLIC        ET1
BL51 BANKED LINKER/LOCATER V6.22                                                      06/19/2020  12:28:56  PAGE 17


  X:0359H         PUBLIC        humitureT
  C:6C40H         PUBLIC        Init_BH1750
  C:6C37H         PUBLIC        DHT_IO_IN
  B:00C0H.4       PUBLIC        CG_WDO
  B:0088H.6       PUBLIC        TR1
  C:5D7AH         PUBLIC        BH1750
  C:39A5H         PUBLIC        HuanjJiancTouch
  C:6C1BH         PUBLIC        HuanjingIOInit
  C:624EH         PUBLIC        DH11GetHumiture
  C:689DH         PUBLIC        DH11ReceiveOneByte
  C:5ABBH         PUBLIC        HuanjingMFrame
  X:035CH         PUBLIC        R_H
  D:00D0H         PUBLIC        PSW
  X:035DH         PUBLIC        T_H
  X:035EH         PUBLIC        R_L
  -------         PROC          HUANJINGIOINIT
  C:6C1BH         LINE#         35
  C:6C1BH         LINE#         36
  C:6C1BH         LINE#         37
  C:6C1EH         LINE#         38
  C:6C21H         LINE#         39
  C:6C24H         LINE#         40
  -------         ENDPROC       HUANJINGIOINIT
  -------         PROC          _SINGLE_WRITE_BH1750
  X:0195H         SYMBOL        REG_Address
  C:6AC4H         LINE#         42
  C:6AC9H         LINE#         43
  C:6AC9H         LINE#         44
  C:6ACCH         LINE#         45
  C:6AD1H         LINE#         46
  C:6AD9H         LINE#         47
  C:6ADCH         LINE#         48
  -------         ENDPROC       _SINGLE_WRITE_BH1750
  -------         PROC          MULTIPLE_READ_BH1750
  -------         DO            
  X:0195H         SYMBOL        i
  -------         ENDDO         
  C:6856H         LINE#         52
  C:6856H         LINE#         53
  C:6856H         LINE#         55
  C:6859H         LINE#         56
  C:685EH         LINE#         58
  C:6863H         LINE#         59
  C:6863H         LINE#         60
  C:6876H         LINE#         61
  C:687AH         LINE#         62
  C:687AH         LINE#         64
  C:687FH         LINE#         65
  C:6881H         LINE#         67
  C:6881H         LINE#         68
  C:6886H         LINE#         69
  C:6886H         LINE#         70
  C:6892H         LINE#         72
  C:6895H         LINE#         73
  C:689CH         LINE#         74
  -------         ENDPROC       MULTIPLE_READ_BH1750
  -------         PROC          INIT_BH1750
BL51 BANKED LINKER/LOCATER V6.22                                                      06/19/2020  12:28:56  PAGE 18


  C:6C40H         LINE#         77
  C:6C40H         LINE#         78
  C:6C40H         LINE#         79
  C:6C45H         LINE#         80
  -------         ENDPROC       INIT_BH1750
  -------         PROC          BH1750
  -------         DO            
  D:0002H         SYMBOL        TempData
  -------         ENDDO         
  C:5D7AH         LINE#         85
  C:5D7AH         LINE#         86
  C:5D7AH         LINE#         90
  C:5D7FH         LINE#         91
  C:5D84H         LINE#         93
  C:5D8BH         LINE#         95
  C:5D8EH         LINE#         97
  C:5D9BH         LINE#         98
  C:5DAFH         LINE#         100
  C:5DD1H         LINE#         102
  C:5DE8H         LINE#         103
  C:5DF7H         LINE#         104
  C:5E07H         LINE#         105
  C:5E16H         LINE#         106
  C:5E26H         LINE#         107
  C:5E35H         LINE#         108
  C:5E45H         LINE#         109
  C:5E54H         LINE#         110
  C:5E59H         LINE#         111
  C:5E5CH         LINE#         114
  -------         ENDPROC       BH1750
  -------         PROC          DHT_IO_OUT
  C:6C2EH         LINE#         118
  C:6C2EH         LINE#         119
  C:6C2EH         LINE#         120
  C:6C30H         LINE#         121
  C:6C33H         LINE#         122
  C:6C36H         LINE#         123
  -------         ENDPROC       DHT_IO_OUT
  -------         PROC          DHT_IO_IN
  C:6C37H         LINE#         124
  C:6C37H         LINE#         125
  C:6C37H         LINE#         126
  C:6C39H         LINE#         127
  C:6C3CH         LINE#         128
  C:6C3FH         LINE#         129
  -------         ENDPROC       DHT_IO_IN
  -------         PROC          DH11START
  C:6B54H         LINE#         131
  C:6B54H         LINE#         132
  C:6B54H         LINE#         133
  C:6B57H         LINE#         134
  C:6B59H         LINE#         135
  C:6B60H         LINE#         136
  C:6B63H         LINE#         137
  C:6B6AH         LINE#         138
  -------         ENDPROC       DH11START
  -------         PROC          DH11RECEIVEONEBYTE
BL51 BANKED LINKER/LOCATER V6.22                                                      06/19/2020  12:28:56  PAGE 19


  -------         DO            
  X:0196H         SYMBOL        i
  X:0197H         SYMBOL        temp
  -------         ENDDO         
  C:689DH         LINE#         140
  C:689DH         LINE#         141
  C:689DH         LINE#         142
  C:68A2H         LINE#         143
  C:68A6H         LINE#         144
  C:68A6H         LINE#         145
  C:68AEH         LINE#         146
  C:68B1H         LINE#         148
  C:68B8H         LINE#         149
  C:68BBH         LINE#         151
  C:68C2H         LINE#         152
  C:68C5H         LINE#         153
  C:68C5H         LINE#         154
  C:68CCH         LINE#         155
  C:68CCH         LINE#         156
  C:68D8H         LINE#         157
  C:68DDH         LINE#         158
  -------         ENDPROC       DH11RECEIVEONEBYTE
  -------         PROC          DH11GETHUMITURE
  -------         DO            
  D:0007H         SYMBOL        check
  X:0195H         SYMBOL        num_check
  -------         ENDDO         
  C:624EH         LINE#         160
  C:624EH         LINE#         161
  C:624EH         LINE#         164
  C:6251H         LINE#         165
  C:6254H         LINE#         167
  C:625BH         LINE#         168
  C:625EH         LINE#         170
  C:6265H         LINE#         172
  C:626DH         LINE#         173
  C:6275H         LINE#         174
  C:627DH         LINE#         175
  C:6285H         LINE#         176
  C:628DH         LINE#         178
  C:6290H         LINE#         180
  C:6297H         LINE#         182
  C:629AH         LINE#         184
  C:62AFH         LINE#         185
  C:62B6H         LINE#         186
  C:62B6H         LINE#         187
  C:62C5H         LINE#         188
  C:62D0H         LINE#         189
  C:62D3H         LINE#         190
  C:62E0H         LINE#         191
  C:62EBH         LINE#         192
  C:62EEH         LINE#         193
  C:62EEH         LINE#         194
  -------         ENDPROC       DH11GETHUMITURE
  -------         PROC          HUANJINGMFRAME
  C:5ABBH         LINE#         198
  C:5ABBH         LINE#         199
BL51 BANKED LINKER/LOCATER V6.22                                                      06/19/2020  12:28:56  PAGE 20


  C:5ABBH         LINE#         200
  C:5ADBH         LINE#         202
  C:5B02H         LINE#         204
  C:5B2CH         LINE#         205
  C:5B55H         LINE#         206
  C:5B7FH         LINE#         207
  C:5BA9H         LINE#         208
  -------         ENDPROC       HUANJINGMFRAME
  -------         PROC          HUMITUREFRAME
  C:4D1EH         LINE#         209
  C:4D1EH         LINE#         210
  C:4D1EH         LINE#         211
  C:4D3CH         LINE#         213
  C:4D57H         LINE#         214
  C:4D71H         LINE#         215
  C:4D8BH         LINE#         216
  C:4DA7H         LINE#         217
  C:4DC3H         LINE#         218
  C:4DDFH         LINE#         220
  C:4DF9H         LINE#         221
  C:4E13H         LINE#         222
  C:4E2DH         LINE#         223
  C:4E47H         LINE#         224
  C:4E61H         LINE#         225
  C:4E7BH         LINE#         226
  C:4E95H         LINE#         227
  C:4EAFH         LINE#         228
  C:4EC9H         LINE#         229
  -------         ENDPROC       HUMITUREFRAME
  -------         PROC          HUANJJIANCTOUCH
  -------         DO            
  X:0179H         SYMBOL        OldX1
  X:017BH         SYMBOL        OldY1
  X:017DH         SYMBOL        NewX1
  X:017FH         SYMBOL        NewY1
  X:0181H         SYMBOL        OldX2
  X:0183H         SYMBOL        OldY2
  X:0185H         SYMBOL        NewX2
  X:0187H         SYMBOL        NewY2
  X:0189H         SYMBOL        OldX3
  X:018BH         SYMBOL        OldY3
  X:018DH         SYMBOL        NewX3
  X:018FH         SYMBOL        NewY3
  X:0191H         SYMBOL        cidu
  X:0192H         SYMBOL        THTemp
  -------         ENDDO         
  C:39A5H         LINE#         231
  C:39A5H         LINE#         232
  C:39A5H         LINE#         233
  C:39B6H         LINE#         234
  C:39C7H         LINE#         235
  C:39D8H         LINE#         236
  C:39DEH         LINE#         237
  C:39F1H         LINE#         239
  C:39F4H         LINE#         240
  C:39F7H         LINE#         241
  C:39FAH         LINE#         243
BL51 BANKED LINKER/LOCATER V6.22                                                      06/19/2020  12:28:56  PAGE 21


  C:39FDH         LINE#         244
  C:3A00H         LINE#         246
  C:3A02H         LINE#         248
  C:3A02H         LINE#         249
  C:3A02H         LINE#         250
  C:3A08H         LINE#         251
  C:3A08H         LINE#         252
  C:3A0EH         LINE#         253
  C:3A0EH         LINE#         254
  C:3A2BH         LINE#         255
  C:3A2BH         LINE#         256
  C:3A2DH         LINE#         257
  C:3A2FH         LINE#         258
  C:3A34H         LINE#         259
  C:3A5EH         LINE#         261
  C:3A5EH         LINE#         262
  C:3A5EH         LINE#         263
  C:3A5EH         LINE#         265
  C:3A61H         LINE#         266
  C:3A84H         LINE#         269
  C:3A90H         LINE#         270
  C:3A90H         LINE#         271
  C:3A92H         LINE#         272
  C:3A95H         LINE#         273
  C:3AB8H         LINE#         274
  C:3ADBH         LINE#         276
  C:3AEDH         LINE#         277
  C:3AEDH         LINE#         278
  C:3B07H         LINE#         279
  C:3B21H         LINE#         280
  C:3B4FH         LINE#         281
  C:3B5EH         LINE#         282
  C:3B6DH         LINE#         284
  C:3B87H         LINE#         285
  C:3BA1H         LINE#         286
  C:3BCFH         LINE#         287
  C:3BDEH         LINE#         288
  C:3BEDH         LINE#         290
  C:3C07H         LINE#         291
  C:3C17H         LINE#         292
  C:3C17H         LINE#         293
  C:3C39H         LINE#         294
  C:3C3BH         LINE#         296
  C:3C3BH         LINE#         297
  C:3C44H         LINE#         298
  C:3C44H         LINE#         299
  C:3C72H         LINE#         300
  C:3C81H         LINE#         301
  C:3C90H         LINE#         302
  C:3C93H         LINE#         304
  C:3C93H         LINE#         305
  C:3C9CH         LINE#         306
  C:3CA5H         LINE#         307
  C:3CAEH         LINE#         308
  C:3CB1H         LINE#         309
  C:3CB1H         LINE#         310
  C:3CB1H         LINE#         311
BL51 BANKED LINKER/LOCATER V6.22                                                      06/19/2020  12:28:56  PAGE 22


  C:3CB4H         LINE#         312
  -------         ENDPROC       HUANJJIANCTOUCH
  -------         ENDMOD        HUANJING

  -------         MODULE        TOUCH_MAIN
  C:0000H         SYMBOL        _ICE_DUMMY_
  C:5662H         PUBLIC        MainTouch
  X:0389H         PUBLIC        TouchNumber
  C:4B6CH         PUBLIC        MainFrame
  -------         PROC          MAINFRAME
  C:4B6CH         LINE#         20
  C:4B6CH         LINE#         21
  C:4B6CH         LINE#         22
  C:4B76H         LINE#         23
  C:4B94H         LINE#         24
  C:4BBDH         LINE#         25
  C:4BDDH         LINE#         27
  C:4C05H         LINE#         28
  C:4C2DH         LINE#         29
  C:4C55H         LINE#         34
  C:4C7FH         LINE#         35
  C:4CA9H         LINE#         36
  C:4CD3H         LINE#         39
  C:4CFDH         LINE#         40
  C:4D1DH         LINE#         41
  -------         ENDPROC       MAINFRAME
  -------         PROC          MAINTOUCH
  C:5662H         LINE#         45
  C:5662H         LINE#         46
  C:5662H         LINE#         47
  C:5665H         LINE#         48
  C:5665H         LINE#         49
  C:5665H         LINE#         50
  C:566BH         LINE#         51
  C:566BH         LINE#         52
  C:5671H         LINE#         53
  C:5671H         LINE#         54
  C:5676H         LINE#         55
  C:568EH         LINE#         56
  C:568EH         LINE#         57
  C:56A5H         LINE#         58
  C:56A5H         LINE#         59
  C:56ABH         LINE#         60
  C:56ADH         LINE#         61
  C:56BEH         LINE#         62
  C:56BEH         LINE#         63
  C:56C4H         LINE#         64
  C:56C6H         LINE#         65
  C:56D7H         LINE#         66
  C:56D7H         LINE#         67
  C:56DDH         LINE#         68
  C:56DDH         LINE#         69
  C:56DDH         LINE#         70
  C:56E4H         LINE#         71
  C:56E4H         LINE#         72
  C:570EH         LINE#         73
  C:5710H         LINE#         74
BL51 BANKED LINKER/LOCATER V6.22                                                      06/19/2020  12:28:56  PAGE 23


  C:5710H         LINE#         75
  C:5717H         LINE#         76
  C:5717H         LINE#         77
  C:5741H         LINE#         78
  C:5743H         LINE#         79
  C:5743H         LINE#         80
  C:574EH         LINE#         81
  C:574EH         LINE#         82
  C:5778H         LINE#         83
  C:5778H         LINE#         84
  C:5778H         LINE#         85
  C:5778H         LINE#         86
  C:5778H         LINE#         87
  C:5778H         LINE#         89
  C:577EH         LINE#         92
  C:578DH         LINE#         93
  C:578DH         LINE#         94
  C:578DH         LINE#         95
  C:578DH         LINE#         96
  C:5790H         LINE#         97
  C:5791H         LINE#         98
  C:5791H         LINE#         99
  C:5791H         LINE#         100
  C:5791H         LINE#         101
  C:5794H         LINE#         102
  C:5795H         LINE#         103
  C:5795H         LINE#         104
  C:5795H         LINE#         105
  C:5795H         LINE#         106
  C:5798H         LINE#         107
  C:5798H         LINE#         108
  C:5798H         LINE#         109
  C:5798H         LINE#         110
  -------         ENDPROC       MAINTOUCH
  -------         ENDMOD        TOUCH_MAIN

  -------         MODULE        CHUANKOU
  C:0000H         SYMBOL        _ICE_DUMMY_
  D:0092H         PUBLIC        P1M0
  D:0091H         PUBLIC        P1M1
  D:0080H         PUBLIC        P0
  D:00B2H         PUBLIC        P3M0
  D:0090H         PUBLIC        P1
  D:00B1H         PUBLIC        P3M1
  D:00A0H         PUBLIC        P2
  D:00B0H         PUBLIC        P3
  D:00C0H         PUBLIC        P4
  D:00C8H         PUBLIC        P5
  B:00A8H.7       PUBLIC        EA
  D:00E8H         PUBLIC        P6
  D:00F8H         PUBLIC        P7
  D:00A8H         PUBLIC        IE
  B:00A8H.4       PUBLIC        ES
  D:00B8H         PUBLIC        IP
  B:0098H.0       PUBLIC        RI
  B:0098H.1       PUBLIC        TI
  D:00D8H         PUBLIC        CCON
BL51 BANKED LINKER/LOCATER V6.22                                                      06/19/2020  12:28:56  PAGE 24


  D:0099H         PUBLIC        SBUF
  D:0098H         PUBLIC        SCON
  D:0088H         PUBLIC        TCON
  C:6BA6H         PUBLIC        USART1_Init
  C:6BB7H         PUBLIC        _SendData1
  D:008EH         PUBLIC        AUXR
  D:00D6H         PUBLIC        T2H
  X:029BH         PUBLIC        GetFlag1
  X:029CH         PUBLIC        GetFlag2
  X:029DH         PUBLIC        GetFlag3
  D:00D7H         PUBLIC        T2L
  C:5E5DH         PUBLIC        Uart1_Isr
  X:029EH         PUBLIC        GetDataBuf1
  X:0302H         PUBLIC        CK1Num
  C:6ADDH         PUBLIC        ChuankouIOInit
  X:0303H         PUBLIC        BUSY1
  C:6912H         PUBLIC        _SendStr1
  D:00D0H         PUBLIC        PSW
  -------         PROC          CHUANKOUIOINIT
  C:6ADDH         LINE#         25
  C:6ADDH         LINE#         26
  C:6ADDH         LINE#         27
  C:6AE0H         LINE#         28
  C:6AE3H         LINE#         30
  C:6AE6H         LINE#         31
  C:6AE9H         LINE#         33
  C:6AECH         LINE#         34
  C:6AEFH         LINE#         36
  C:6AF2H         LINE#         37
  C:6AF5H         LINE#         38
  -------         ENDPROC       CHUANKOUIOINIT
  -------         PROC          USART1_INIT
  C:6BA6H         LINE#         40
  C:6BA6H         LINE#         41
  C:6BA6H         LINE#         42
  C:6BA9H         LINE#         43
  C:6BACH         LINE#         44
  C:6BAFH         LINE#         45
  C:6BB2H         LINE#         46
  C:6BB4H         LINE#         47
  C:6BB6H         LINE#         48
  -------         ENDPROC       USART1_INIT
  -------         PROC          _SENDDATA1
  D:0007H         SYMBOL        dat
  C:6BB7H         LINE#         50
  C:6BB7H         LINE#         51
  C:6BB7H         LINE#         52
  C:6BBDH         LINE#         54
  C:6BBFH         LINE#         55
  C:6BC5H         LINE#         56
  -------         ENDPROC       _SENDDATA1
  -------         PROC          _SENDSTR1
  X:017DH         SYMBOL        s1
  C:6912H         LINE#         58
  C:691DH         LINE#         59
  C:691DH         LINE#         60
  C:692DH         LINE#         61
BL51 BANKED LINKER/LOCATER V6.22                                                      06/19/2020  12:28:56  PAGE 25


  C:692DH         LINE#         62
  C:6943H         LINE#         63
  C:6945H         LINE#         64
  -------         ENDPROC       _SENDSTR1
  -------         PROC          UART1_ISR
  -------         DO            
  X:0178H         SYMBOL        a
  -------         ENDDO         
  C:5E5DH         LINE#         66
  C:5E7AH         LINE#         69
  C:5E80H         LINE#         70
  C:5E80H         LINE#         71
  C:5E82H         LINE#         72
  C:5E88H         LINE#         73
  C:5E92H         LINE#         74
  C:5E92H         LINE#         75
  C:5E9AH         LINE#         77
  C:5E9FH         LINE#         78
  C:5E9FH         LINE#         79
  C:5EAEH         LINE#         80
  C:5EB2H         LINE#         81
  C:5EC8H         LINE#         82
  C:5EC8H         LINE#         83
  C:5ECDH         LINE#         84
  C:5ECFH         LINE#         85
  C:5EE5H         LINE#         86
  C:5EE5H         LINE#         87
  C:5EEAH         LINE#         88
  C:5EEAH         LINE#         89
  C:5EECH         LINE#         91
  C:5EECH         LINE#         92
  C:5F04H         LINE#         93
  C:5F10H         LINE#         94
  C:5F10H         LINE#         95
  C:5F16H         LINE#         96
  C:5F16H         LINE#         97
  C:5F16H         LINE#         98
  C:5F16H         LINE#         99
  C:5F16H         LINE#         100
  C:5F19H         LINE#         101
  C:5F19H         LINE#         102
  C:5F1BH         LINE#         103
  C:5F20H         LINE#         104
  C:5F20H         LINE#         105
  -------         ENDPROC       UART1_ISR
  -------         ENDMOD        CHUANKOU

  -------         MODULE        SETPHONE
  C:0000H         SYMBOL        _ICE_DUMMY_
  D:0080H         PUBLIC        P0
  D:0090H         PUBLIC        P1
  D:00A0H         PUBLIC        P2
  D:00B0H         PUBLIC        P3
  D:00C0H         PUBLIC        P4
  D:00C8H         PUBLIC        P5
  D:00E8H         PUBLIC        P6
  D:00F8H         PUBLIC        P7
BL51 BANKED LINKER/LOCATER V6.22                                                      06/19/2020  12:28:56  PAGE 26


  D:00A8H         PUBLIC        IE
  X:035FH         PUBLIC        ShowNumber
  D:00B8H         PUBLIC        IP
  X:0361H         PUBLIC        inputNumber
  D:00D8H         PUBLIC        CCON
  C:174FH         PUBLIC        SetPhoneTouch
  D:0098H         PUBLIC        SCON
  D:0088H         PUBLIC        TCON
  X:0362H         PUBLIC        num
  C:3016H         PUBLIC        SetPhoneMFrame
  X:0363H         PUBLIC        PhoneNumber
  D:00D0H         PUBLIC        PSW
  -------         PROC          SETPHONEMFRAME
  C:3016H         LINE#         22
  C:3016H         LINE#         23
  C:3016H         LINE#         24
  C:3036H         LINE#         27
  C:3056H         LINE#         28
  C:3074H         LINE#         30
  C:3094H         LINE#         31
  C:30B4H         LINE#         32
  C:30D4H         LINE#         34
  C:30F4H         LINE#         35
  C:3114H         LINE#         36
  C:3134H         LINE#         38
  C:3154H         LINE#         39
  C:3174H         LINE#         40
  C:3194H         LINE#         42
  C:31B5H         LINE#         43
  C:31D6H         LINE#         44
  C:31F7H         LINE#         46
  C:3217H         LINE#         47
  C:3237H         LINE#         48
  C:3257H         LINE#         50
  C:3277H         LINE#         51
  C:3297H         LINE#         52
  C:32B7H         LINE#         54
  C:32D7H         LINE#         55
  C:32F7H         LINE#         56
  C:3317H         LINE#         58
  C:3337H         LINE#         59
  C:3357H         LINE#         60
  C:3377H         LINE#         63
  C:3395H         LINE#         65
  C:33B6H         LINE#         66
  C:33D7H         LINE#         67
  C:33F8H         LINE#         69
  C:3419H         LINE#         70
  C:343AH         LINE#         71
  C:345BH         LINE#         73
  C:347CH         LINE#         74
  C:349DH         LINE#         75
  C:34BEH         LINE#         77
  C:34DFH         LINE#         78
  C:3500H         LINE#         79
  C:3521H         LINE#         80
  -------         ENDPROC       SETPHONEMFRAME
BL51 BANKED LINKER/LOCATER V6.22                                                      06/19/2020  12:28:56  PAGE 27


  -------         PROC          SETPHONETOUCH
  C:174FH         LINE#         82
  C:174FH         LINE#         83
  C:174FH         LINE#         84
  C:1754H         LINE#         85
  C:1757H         LINE#         86
  C:1757H         LINE#         87
  C:1757H         LINE#         88
  C:1775H         LINE#         89
  C:1788H         LINE#         90
  C:17ABH         LINE#         91
  C:17ABH         LINE#         92
  C:17ABH         LINE#         93
  C:17B1H         LINE#         94
  C:17B1H         LINE#         95
  C:17B7H         LINE#         96
  C:17B7H         LINE#         97
  C:17BCH         LINE#         98
  C:17D4H         LINE#         99
  C:17D4H         LINE#         100
  C:17EBH         LINE#         101
  C:17EBH         LINE#         102
  C:17F1H         LINE#         103
  C:17F4H         LINE#         104
  C:1805H         LINE#         105
  C:1805H         LINE#         106
  C:180BH         LINE#         107
  C:180EH         LINE#         108
  C:1825H         LINE#         109
  C:1825H         LINE#         110
  C:182BH         LINE#         111
  C:182BH         LINE#         112
  C:182EH         LINE#         113
  C:1846H         LINE#         114
  C:1846H         LINE#         115
  C:185DH         LINE#         116
  C:185DH         LINE#         117
  C:1863H         LINE#         118
  C:1866H         LINE#         119
  C:1877H         LINE#         120
  C:1877H         LINE#         121
  C:187DH         LINE#         122
  C:1880H         LINE#         123
  C:1897H         LINE#         124
  C:1897H         LINE#         125
  C:189DH         LINE#         126
  C:189DH         LINE#         127
  C:18A0H         LINE#         128
  C:18B8H         LINE#         129
  C:18B8H         LINE#         130
  C:18CFH         LINE#         131
  C:18CFH         LINE#         132
  C:18D5H         LINE#         133
  C:18D8H         LINE#         134
  C:18E9H         LINE#         135
  C:18E9H         LINE#         136
  C:18EFH         LINE#         137
BL51 BANKED LINKER/LOCATER V6.22                                                      06/19/2020  12:28:56  PAGE 28


  C:18F2H         LINE#         138
  C:1903H         LINE#         139
  C:1903H         LINE#         140
  C:1909H         LINE#         141
  C:1909H         LINE#         142
  C:190BH         LINE#         143
  C:1923H         LINE#         144
  C:1923H         LINE#         145
  C:193AH         LINE#         146
  C:193AH         LINE#         147
  C:1940H         LINE#         148
  C:1942H         LINE#         149
  C:1953H         LINE#         150
  C:1953H         LINE#         151
  C:1959H         LINE#         152
  C:195BH         LINE#         153
  C:196CH         LINE#         154
  C:196CH         LINE#         155
  C:1972H         LINE#         156
  C:1972H         LINE#         157
  C:1972H         LINE#         158
  C:197AH         LINE#         159
  C:197AH         LINE#         160
  C:1999H         LINE#         161
  C:19BAH         LINE#         162
  C:19BDH         LINE#         163
  C:19BDH         LINE#         164
  C:19C5H         LINE#         165
  C:19C5H         LINE#         166
  C:19E4H         LINE#         167
  C:1A05H         LINE#         168
  C:1A08H         LINE#         169
  C:1A08H         LINE#         170
  C:1A10H         LINE#         171
  C:1A10H         LINE#         172
  C:1A2FH         LINE#         173
  C:1A50H         LINE#         174
  C:1A53H         LINE#         175
  C:1A53H         LINE#         176
  C:1A5BH         LINE#         177
  C:1A5BH         LINE#         178
  C:1A7AH         LINE#         179
  C:1A9BH         LINE#         180
  C:1A9EH         LINE#         181
  C:1A9EH         LINE#         182
  C:1AA6H         LINE#         183
  C:1AA6H         LINE#         184
  C:1AC5H         LINE#         185
  C:1AE6H         LINE#         186
  C:1AE9H         LINE#         187
  C:1AE9H         LINE#         188
  C:1AF1H         LINE#         189
  C:1AF1H         LINE#         190
  C:1B10H         LINE#         191
  C:1B31H         LINE#         192
  C:1B34H         LINE#         193
  C:1B34H         LINE#         194
BL51 BANKED LINKER/LOCATER V6.22                                                      06/19/2020  12:28:56  PAGE 29


  C:1B3CH         LINE#         195
  C:1B3CH         LINE#         196
  C:1B5BH         LINE#         197
  C:1B7CH         LINE#         198
  C:1B7FH         LINE#         199
  C:1B7FH         LINE#         200
  C:1B87H         LINE#         201
  C:1B87H         LINE#         202
  C:1BA6H         LINE#         203
  C:1BC7H         LINE#         204
  C:1BCAH         LINE#         205
  C:1BCAH         LINE#         206
  C:1BD2H         LINE#         207
  C:1BD2H         LINE#         208
  C:1BF1H         LINE#         209
  C:1C12H         LINE#         210
  C:1C15H         LINE#         211
  C:1C15H         LINE#         212
  C:1C1DH         LINE#         213
  C:1C1DH         LINE#         214
  C:1C3CH         LINE#         215
  C:1C5DH         LINE#         216
  C:1C60H         LINE#         217
  C:1C60H         LINE#         218
  C:1C68H         LINE#         219
  C:1C68H         LINE#         220
  C:1C87H         LINE#         221
  C:1CA8H         LINE#         222
  C:1CAAH         LINE#         223
  C:1CAAH         LINE#         224
  C:1CB5H         LINE#         225
  C:1CB5H         LINE#         226
  C:1CD4H         LINE#         227
  C:1CF5H         LINE#         228
  C:1CF5H         LINE#         229
  C:1CF5H         LINE#         230
  C:1CF5H         LINE#         231
  C:1CF5H         LINE#         232
  C:1CF5H         LINE#         233
  C:1CFBH         LINE#         236
  C:1D3AH         LINE#         237
  C:1D3AH         LINE#         238
  C:1D3AH         LINE#         239
  C:1D3AH         LINE#         240
  C:1D4AH         LINE#         242
  C:1D6AH         LINE#         243
  C:1D8BH         LINE#         244
  C:1D8EH         LINE#         245
  C:1D8EH         LINE#         246
  C:1D8EH         LINE#         247
  C:1D8EH         LINE#         248
  C:1D9EH         LINE#         250
  C:1DBEH         LINE#         251
  C:1DDFH         LINE#         252
  C:1DE2H         LINE#         253
  C:1DE2H         LINE#         254
  C:1DE2H         LINE#         255
BL51 BANKED LINKER/LOCATER V6.22                                                      06/19/2020  12:28:56  PAGE 30


  C:1DE2H         LINE#         256
  C:1DF2H         LINE#         258
  C:1E12H         LINE#         259
  C:1E33H         LINE#         260
  C:1E36H         LINE#         261
  C:1E36H         LINE#         262
  C:1E36H         LINE#         263
  C:1E36H         LINE#         264
  C:1E46H         LINE#         266
  C:1E66H         LINE#         267
  C:1E87H         LINE#         268
  C:1E8AH         LINE#         269
  C:1E8AH         LINE#         270
  C:1E8AH         LINE#         271
  C:1E8AH         LINE#         272
  C:1E9AH         LINE#         274
  C:1EBAH         LINE#         275
  C:1EDBH         LINE#         276
  C:1EDEH         LINE#         277
  C:1EDEH         LINE#         278
  C:1EDEH         LINE#         279
  C:1EDEH         LINE#         280
  C:1EEEH         LINE#         282
  C:1F0EH         LINE#         283
  C:1F2FH         LINE#         284
  C:1F32H         LINE#         285
  C:1F32H         LINE#         286
  C:1F32H         LINE#         287
  C:1F32H         LINE#         288
  C:1F42H         LINE#         290
  C:1F62H         LINE#         291
  C:1F83H         LINE#         292
  C:1F86H         LINE#         293
  C:1F86H         LINE#         294
  C:1F86H         LINE#         295
  C:1F86H         LINE#         296
  C:1F96H         LINE#         298
  C:1FB6H         LINE#         299
  C:1FD7H         LINE#         300
  C:1FDAH         LINE#         301
  C:1FDAH         LINE#         302
  C:1FDAH         LINE#         303
  C:1FDAH         LINE#         304
  C:1FEAH         LINE#         306
  C:200AH         LINE#         307
  C:202BH         LINE#         308
  C:202EH         LINE#         309
  C:202EH         LINE#         310
  C:202EH         LINE#         311
  C:202EH         LINE#         312
  C:2037H         LINE#         313
  C:203AH         LINE#         314
  C:205AH         LINE#         315
  C:207BH         LINE#         316
  C:207DH         LINE#         317
  C:207DH         LINE#         318
  C:207DH         LINE#         319
BL51 BANKED LINKER/LOCATER V6.22                                                      06/19/2020  12:28:56  PAGE 31


  C:207DH         LINE#         320
  C:208DH         LINE#         322
  C:20ADH         LINE#         323
  C:20CEH         LINE#         324
  C:20CEH         LINE#         325
  C:20CEH         LINE#         326
  C:20CEH         LINE#         327
  C:20CEH         LINE#         330
  C:20CEH         LINE#         331
  C:20CEH         LINE#         332
  C:20CEH         LINE#         333
  C:20F2H         LINE#         334
  C:20F5H         LINE#         335
  C:20F8H         LINE#         336
  -------         ENDPROC       SETPHONETOUCH
  -------         ENDMOD        SETPHONE

  -------         MODULE        SENDMESSAGE
  C:0000H         SYMBOL        _ICE_DUMMY_
  C:6768H         PUBLIC        FailSend
  C:43DCH         PUBLIC        SendMessageFrame
  C:59C9H         PUBLIC        Reflash
  X:0304H         PUBLIC        Message
  C:3CB5H         PUBLIC        SendMessage
  X:0331H         PUBLIC        touchNum
  C:45DBH         PUBLIC        SendMessageTouch
  X:0332H         PUBLIC        Number
  -------         PROC          SENDMESSAGEFRAME
  C:43DCH         LINE#         25
  C:43DCH         LINE#         26
  C:43DCH         LINE#         27
  C:43FCH         LINE#         29
  C:441CH         LINE#         30
  C:443CH         LINE#         31
  C:445CH         LINE#         32
  C:447CH         LINE#         34
  C:449DH         LINE#         35
  C:44BEH         LINE#         37
  C:44E8H         LINE#         38
  C:4512H         LINE#         39
  C:453CH         LINE#         40
  C:4566H         LINE#         41
  C:4590H         LINE#         42
  C:45B3H         LINE#         43
  C:45DAH         LINE#         44
  -------         ENDPROC       SENDMESSAGEFRAME
  -------         PROC          REFLASH
  C:59C9H         LINE#         46
  C:59C9H         LINE#         47
  C:59C9H         LINE#         48
  C:59CCH         LINE#         49
  C:59CFH         LINE#         50
  C:5A2EH         LINE#         51
  C:5A51H         LINE#         52
  C:5A74H         LINE#         53
  C:5A97H         LINE#         54
  C:5ABAH         LINE#         55
BL51 BANKED LINKER/LOCATER V6.22                                                      06/19/2020  12:28:56  PAGE 32


  -------         ENDPROC       REFLASH
  -------         PROC          FAILSEND
  C:6768H         LINE#         57
  C:6768H         LINE#         58
  C:6768H         LINE#         59
  C:6788H         LINE#         60
  C:67B3H         LINE#         61
  C:67BAH         LINE#         62
  -------         ENDPROC       FAILSEND
  -------         PROC          SENDMESSAGE
  -------         DO            
  X:0179H         SYMBOL        i
  X:017BH         SYMBOL        ms
  -------         ENDDO         
  C:3CB5H         LINE#         64
  C:3CB5H         LINE#         65
  C:3CB5H         LINE#         66
  C:3CBCH         LINE#         67
  C:3CC3H         LINE#         68
  C:3CE3H         LINE#         69
  C:3D04H         LINE#         70
  C:3D3FH         LINE#         72
  C:3D44H         LINE#         73
  C:3D4DH         LINE#         74
  C:3D55H         LINE#         75
  C:3D55H         LINE#         76
  C:3D5CH         LINE#         77
  C:3D75H         LINE#         78
  C:3D75H         LINE#         79
  C:3D79H         LINE#         81
  C:3D79H         LINE#         82
  C:3D79H         LINE#         83
  C:3D7EH         LINE#         84
  C:3D9DH         LINE#         85
  C:3DC8H         LINE#         87
  C:3DD1H         LINE#         88
  C:3DD9H         LINE#         89
  C:3DD9H         LINE#         90
  C:3DE0H         LINE#         91
  C:3DF9H         LINE#         92
  C:3DF9H         LINE#         93
  C:3DFDH         LINE#         95
  C:3DFDH         LINE#         96
  C:3DFDH         LINE#         97
  C:3E02H         LINE#         98
  C:3E21H         LINE#         99
  C:3E4CH         LINE#         101
  C:3E51H         LINE#         102
  C:3E5AH         LINE#         103
  C:3E62H         LINE#         104
  C:3E62H         LINE#         105
  C:3E69H         LINE#         106
  C:3E82H         LINE#         107
  C:3E82H         LINE#         108
  C:3E86H         LINE#         110
  C:3E86H         LINE#         111
  C:3E86H         LINE#         112
BL51 BANKED LINKER/LOCATER V6.22                                                      06/19/2020  12:28:56  PAGE 33


  C:3E8BH         LINE#         113
  C:3EAAH         LINE#         114
  C:3ED5H         LINE#         116
  C:3EDEH         LINE#         117
  C:3EE7H         LINE#         118
  C:3EEFH         LINE#         119
  C:3EEFH         LINE#         120
  C:3EF6H         LINE#         121
  C:3F0FH         LINE#         122
  C:3F0FH         LINE#         123
  C:3F13H         LINE#         125
  C:3F13H         LINE#         126
  C:3F13H         LINE#         127
  C:3F18H         LINE#         128
  C:3F37H         LINE#         129
  C:3F58H         LINE#         130
  C:3F5FH         LINE#         131
  -------         ENDPROC       SENDMESSAGE
  -------         PROC          SENDMESSAGETOUCH
  C:45DBH         LINE#         133
  C:45DBH         LINE#         134
  C:45DBH         LINE#         135
  C:45DEH         LINE#         136
  C:45E1H         LINE#         137
  C:45E4H         LINE#         138
  C:45E7H         LINE#         139
  C:45E7H         LINE#         140
  C:45E7H         LINE#         141
  C:45E7H         LINE#         142
  C:45E7H         LINE#         143
  C:45EDH         LINE#         144
  C:45EDH         LINE#         145
  C:45F3H         LINE#         146
  C:45F3H         LINE#         147
  C:45F8H         LINE#         148
  C:4610H         LINE#         149
  C:4610H         LINE#         150
  C:4625H         LINE#         151
  C:4625H         LINE#         152
  C:462BH         LINE#         153
  C:462DH         LINE#         154
  C:463EH         LINE#         155
  C:463EH         LINE#         156
  C:4644H         LINE#         157
  C:4644H         LINE#         158
  C:4644H         LINE#         159
  C:4661H         LINE#         160
  C:4661H         LINE#         161
  C:468BH         LINE#         163
  C:468BH         LINE#         164
  C:4693H         LINE#         165
  C:4693H         LINE#         166
  C:46B2H         LINE#         167
  C:46D3H         LINE#         168
  C:46D5H         LINE#         169
  C:46D5H         LINE#         170
  C:46E0H         LINE#         171
BL51 BANKED LINKER/LOCATER V6.22                                                      06/19/2020  12:28:56  PAGE 34


  C:46E0H         LINE#         172
  C:46FFH         LINE#         173
  C:4720H         LINE#         174
  C:4720H         LINE#         175
  C:4720H         LINE#         176
  C:4720H         LINE#         177
  C:4720H         LINE#         178
  C:4720H         LINE#         179
  C:4726H         LINE#         182
  C:4734H         LINE#         183
  C:4734H         LINE#         184
  C:4734H         LINE#         185
  C:4734H         LINE#         186
  C:4737H         LINE#         187
  C:4757H         LINE#         188
  C:4778H         LINE#         189
  C:477BH         LINE#         190
  C:477BH         LINE#         191
  C:477BH         LINE#         192
  C:477BH         LINE#         193
  C:477EH         LINE#         194
  C:479EH         LINE#         195
  C:47BFH         LINE#         196
  C:47C2H         LINE#         197
  C:47C2H         LINE#         198
  C:47C2H         LINE#         199
  C:47C5H         LINE#         200
  -------         ENDPROC       SENDMESSAGETOUCH
  -------         ENDMOD        SENDMESSAGE

  -------         MODULE        ZHUCE
  C:0000H         SYMBOL        _ICE_DUMMY_
  C:6385H         PUBLIC        FailZhuce
  C:506FH         PUBLIC        Zhuce
  -------         PROC          FAILZHUCE
  C:6385H         LINE#         8
  C:6385H         LINE#         9
  C:6385H         LINE#         10
  C:638EH         LINE#         11
  C:63B3H         LINE#         12
  C:63BAH         LINE#         13
  C:63D5H         LINE#         14
  C:63F9H         LINE#         15
  C:6414H         LINE#         16
  C:641AH         LINE#         18
  -------         ENDPROC       FAILZHUCE
  -------         PROC          ZHUCE
  -------         DO            
  X:0179H         SYMBOL        i
  -------         ENDDO         
  C:506FH         LINE#         21
  C:506FH         LINE#         22
  C:506FH         LINE#         23
  C:5078H         LINE#         25
  C:507BH         LINE#         26
  C:507EH         LINE#         27
  C:5097H         LINE#         28
BL51 BANKED LINKER/LOCATER V6.22                                                      06/19/2020  12:28:56  PAGE 35


  C:50A8H         LINE#         29
  C:50A8H         LINE#         30
  C:50B1H         LINE#         31
  C:50D6H         LINE#         32
  C:50DDH         LINE#         33
  C:5102H         LINE#         34
  C:5109H         LINE#         35
  C:512EH         LINE#         36
  C:5135H         LINE#         37
  C:515AH         LINE#         38
  C:5161H         LINE#         39
  C:516CH         LINE#         40
  C:516CH         LINE#         41
  C:516DH         LINE#         42
  C:5175H         LINE#         43
  C:519AH         LINE#         44
  C:51A1H         LINE#         45
  C:51BCH         LINE#         46
  C:51E0H         LINE#         47
  C:51FBH         LINE#         48
  C:5203H         LINE#         50
  C:5203H         LINE#         51
  C:5203H         LINE#         52
  C:5206H         LINE#         53
  -------         ENDPROC       ZHUCE
  -------         ENDMOD        ZHUCE

  -------         MODULE        INIT
  C:0000H         SYMBOL        _ICE_DUMMY_
  D:0092H         PUBLIC        P1M0
  D:0093H         PUBLIC        P0M1
[...]
  X:0181H         SYMBOL        size_x
  X:0183H         SYMBOL        size_y
  X:0185H         SYMBOL        Pen_Color
  -------         DO            
  D:0002H         SYMBOL        i
  -------         ENDDO         
  C:64A7H         LINE#         520
  C:64BDH         LINE#         521
  C:64BDH         LINE#         523
  C:6501H         LINE#         524
  C:651EH         LINE#         525
  C:6530H         LINE#         526
  -------         ENDPROC       _LCD_DRAWBOX
  -------         ENDMOD        TFT

  -------         MODULE        TOUCH
  C:0000H         SYMBOL        _ICE_DUMMY_
  D:0080H         PUBLIC        P0
  D:0090H         PUBLIC        P1
  D:00A0H         PUBLIC        P2
  D:00B3H         PUBLIC        P4M1
  D:00B0H         PUBLIC        P3
  D:00CCH         PUBLIC        P6M0
  D:00C0H         PUBLIC        P4
  C:69F0H         PUBLIC        ReadFromCharFrom7843
BL51 BANKED LINKER/LOCATER V6.22                                                      06/19/2020  12:28:56  PAGE 46


  D:00C8H         PUBLIC        P5
  D:00E8H         PUBLIC        P6
  D:00F8H         PUBLIC        P7
  D:00A8H         PUBLIC        IE
  D:00B8H         PUBLIC        IP
  B:00D0H.7       PUBLIC        CY
  C:6C10H         PUBLIC        _ADS_Read_AD
  D:00D8H         PUBLIC        CCON
  C:6B0EH         PUBLIC        _WriteCharTo7843
  C:0003H         PUBLIC        Touch_InitSpi
  D:0098H         PUBLIC        SCON
  D:0088H         PUBLIC        TCON
  C:66A3H         PUBLIC        _Read_ADS
  B:00E8H.1       PUBLIC        TOUCH_CLK
  B:00E8H.3       PUBLIC        TOUCH_DIN
  X:036FH         PUBLIC        chx
  X:0371H         PUBLIC        chy
  C:5F3BH         PUBLIC        _ADS_Read_XY
  X:0373H         PUBLIC        tp_pixlcd
  B:00C0H.0       PUBLIC        TOUCH_IRQ
  C:6C4CH         PUBLIC        Touch_IRQ
  X:0377H         PUBLIC        tp_pixad
  C:5799H         PUBLIC        _Read_ADS2
  X:037BH         PUBLIC        vx
  X:037DH         PUBLIC        vy
  B:00C0H.7       PUBLIC        TOUCH_DO
  C:5385H         PUBLIC        Convert_Pos
  D:00D0H         PUBLIC        PSW
  B:00E8H.2       PUBLIC        TOUCH_CS
  -------         PROC          TOUCH_IRQ
  C:6C4CH         LINE#         32
  C:6C4CH         LINE#         33
  C:6C4CH         LINE#         34
  C:6C51H         LINE#         35
  -------         ENDPROC       TOUCH_IRQ
  -------         PROC          TOUCH_INITSPI
  C:0003H         LINE#         37
  C:0003H         LINE#         38
  C:0003H         LINE#         39
  C:0006H         LINE#         40
  C:0009H         LINE#         41
  -------         ENDPROC       TOUCH_INITSPI
  -------         PROC          _WRITECHARTO7843
  D:0007H         SYMBOL        num
  -------         DO            
  D:0006H         SYMBOL        count
  -------         ENDDO         
  C:6B0EH         LINE#         43
  C:6B0EH         LINE#         44
  C:6B0EH         LINE#         46
  C:6B10H         LINE#         47
  C:6B10H         LINE#         48
  C:6B14H         LINE#         49
  C:6B16H         LINE#         50
  C:6B18H         LINE#         51
  C:6B19H         LINE#         52
  C:6B1AH         LINE#         53
BL51 BANKED LINKER/LOCATER V6.22                                                      06/19/2020  12:28:56  PAGE 47


  C:6B1BH         LINE#         54
  C:6B1DH         LINE#         55
  C:6B1EH         LINE#         56
  C:6B1FH         LINE#         57
  C:6B20H         LINE#         58
  C:6B25H         LINE#         59
  -------         ENDPROC       _WRITECHARTO7843
  -------         PROC          READFROMCHARFROM7843
  -------         DO            
  D:0005H         SYMBOL        count
  D:0006H         SYMBOL        Num
  -------         ENDDO         
  C:69F0H         LINE#         61
  C:69F0H         LINE#         62
  C:69F0H         LINE#         63
  C:69F2H         LINE#         64
  C:69F4H         LINE#         65
  C:69F4H         LINE#         66
  C:69F4H         LINE#         67
  C:69FBH         LINE#         68
  C:69FDH         LINE#         69
  C:69FEH         LINE#         70
  C:69FFH         LINE#         71
  C:6A00H         LINE#         72
  C:6A02H         LINE#         73
  C:6A03H         LINE#         74
  C:6A04H         LINE#         75
  C:6A05H         LINE#         76
  C:6A08H         LINE#         77
  C:6A08H         LINE#         78
  C:6A0CH         LINE#         79
  C:6A0CH         LINE#         80
  C:6A11H         LINE#         81
  C:6A11H         LINE#         82
  -------         ENDPROC       READFROMCHARFROM7843
  -------         PROC          _ADS_READ_AD
  D:0007H         SYMBOL        CMD
  -------         DO            
  D:0006H         SYMBOL        l
  -------         ENDDO         
  C:6C10H         LINE#         84
  C:6C10H         LINE#         85
  C:6C10H         LINE#         87
  C:6C12H         LINE#         88
  C:6C15H         LINE#         91
  C:6C18H         LINE#         92
  C:6C1AH         LINE#         93
  C:6C1AH         LINE#         94
  -------         ENDPROC       _ADS_READ_AD
  -------         PROC          _ADS_READ_XY
  D:0004H         SYMBOL        xy
  -------         DO            
  D:0001H         SYMBOL        i
  D:0007H         SYMBOL        j
  X:01ACH         SYMBOL        buf
  X:01CAH         SYMBOL        sum
  X:01CCH         SYMBOL        temp
BL51 BANKED LINKER/LOCATER V6.22                                                      06/19/2020  12:28:56  PAGE 48


  -------         ENDDO         
  C:5F3BH         LINE#         100
  C:5F3DH         LINE#         101
  C:5F3DH         LINE#         104
  C:5F44H         LINE#         106
  C:5F45H         LINE#         107
  C:5F45H         LINE#         108
  C:5F5BH         LINE#         109
  C:5F60H         LINE#         110
  C:5F62H         LINE#         111
  C:5F62H         LINE#         112
  C:5F6BH         LINE#         113
  C:5F6BH         LINE#         114
  C:5F93H         LINE#         115
  C:5F93H         LINE#         116
  C:5F9BH         LINE#         117
  C:5FBDH         LINE#         118
  C:5FD6H         LINE#         119
  C:5FD6H         LINE#         120
  C:5FD9H         LINE#         121
  C:5FDFH         LINE#         123
  C:5FE1H         LINE#         124
  C:6003H         LINE#         125
  C:6018H         LINE#         126
  C:6018H         LINE#         127
  -------         ENDPROC       _ADS_READ_XY
  -------         PROC          _READ_ADS
  X:01A4H         SYMBOL        x
  X:01A7H         SYMBOL        y
  -------         DO            
  X:01AAH         SYMBOL        xtemp
  D:0006H         SYMBOL        ytemp
  -------         ENDDO         
  C:66A3H         LINE#         131
  C:66AEH         LINE#         132
  C:66AEH         LINE#         134
  C:66BBH         LINE#         135
  C:66C0H         LINE#         136
  C:66D7H         LINE#         137
  C:66DAH         LINE#         138
  C:66F2H         LINE#         139
  C:6703H         LINE#         140
  C:6705H         LINE#         141
  -------         ENDPROC       _READ_ADS
  -------         PROC          _READ_ADS2
  X:0196H         SYMBOL        x
  X:0199H         SYMBOL        y
  -------         DO            
  X:019CH         SYMBOL        x1
  X:019EH         SYMBOL        y1
  X:01A0H         SYMBOL        x2
  X:01A2H         SYMBOL        y2
  D:0007H         SYMBOL        flag
  -------         ENDDO         
  C:5799H         LINE#         146
  C:57A4H         LINE#         147
  C:57A4H         LINE#         151
BL51 BANKED LINKER/LOCATER V6.22                                                      06/19/2020  12:28:56  PAGE 49


  C:57BBH         LINE#         152
  C:57BEH         LINE#         153
  C:57C0H         LINE#         154
  C:57D7H         LINE#         155
  C:57DAH         LINE#         156
  C:57DCH         LINE#         158
  C:5872H         LINE#         160
  C:5872H         LINE#         161
  C:589BH         LINE#         162
  C:58C4H         LINE#         163
  C:58C7H         LINE#         164
  C:58C7H         LINE#         166
  C:58C9H         LINE#         167
  -------         ENDPROC       _READ_ADS2
  -------         PROC          CONVERT_POS
  -------         DO            
  X:0195H         SYMBOL        l
  -------         ENDDO         
  C:5385H         LINE#         206
  C:5385H         LINE#         207
  C:5385H         LINE#         208
  C:538AH         LINE#         209
  C:53A6H         LINE#         210
  C:53A6H         LINE#         211
  C:53ACH         LINE#         212
  C:544EH         LINE#         213
  C:54F0H         LINE#         214
  C:54F0H         LINE#         215
  C:54F5H         LINE#         216
  -------         ENDPROC       CONVERT_POS
  -------         ENDMOD        TOUCH

  -------         MODULE        TXT
  C:0000H         SYMBOL        _ICE_DUMMY_
  D:0080H         PUBLIC        P0
  D:0090H         PUBLIC        P1
  D:00A0H         PUBLIC        P2
  D:00B0H         PUBLIC        P3
  D:00C0H         PUBLIC        P4
  D:00C8H         PUBLIC        P5
  D:00E8H         PUBLIC        P6
  D:00F8H         PUBLIC        P7
  C:20F9H         PUBLIC        _TFT_ShowString_W25
  D:00A8H         PUBLIC        IE
  D:00B8H         PUBLIC        IP
  D:00D8H         PUBLIC        CCON
  C:5207H         PUBLIC        _TFT_ShowWord_W25
  D:0098H         PUBLIC        SCON
  D:0088H         PUBLIC        TCON
  C:6019H         SYMBOL        _?ix1000
  C:601BH         SYMBOL        _?ix1001
  C:609CH         SYMBOL        _?ix1002
  D:00D0H         PUBLIC        PSW
  -------         PROC          _TFT_SHOWWORD_W25
  X:027CH         SYMBOL        x
  X:027EH         SYMBOL        y
  X:0280H         SYMBOL        size_x
BL51 BANKED LINKER/LOCATER V6.22                                                      06/19/2020  12:28:56  PAGE 50


  X:0282H         SYMBOL        size_y
  X:0284H         SYMBOL        Disp_char
  X:0287H         SYMBOL        PColor
  X:0289H         SYMBOL        BColor
  -------         DO            
  X:028BH         SYMBOL        i
  X:028DH         SYMBOL        j
  X:028FH         SYMBOL        xCount
  X:0291H         SYMBOL        pxSize
  -------         ENDDO         
  C:5207H         LINE#         12
  C:521DH         LINE#         13
  C:521DH         LINE#         14
  C:5224H         LINE#         16
  C:5270H         LINE#         17
  C:52ACH         LINE#         19
  C:52CBH         LINE#         20
  C:52CBH         LINE#         21
  C:52D2H         LINE#         22
  C:52D2H         LINE#         23
  C:5304H         LINE#         24
  C:5304H         LINE#         26
  C:530FH         LINE#         27
  C:5311H         LINE#         29
  C:5311H         LINE#         30
  C:531CH         LINE#         31
  C:531CH         LINE#         32
  C:532AH         LINE#         33
  C:5341H         LINE#         34
  C:5341H         LINE#         35
  C:5347H         LINE#         36
  C:5349H         LINE#         37
  C:5349H         LINE#         38
  C:5369H         LINE#         39
  C:5373H         LINE#         40
  C:5384H         LINE#         41
  -------         ENDPROC       _TFT_SHOWWORD_W25
  -------         PROC          _TFT_SHOWSTRING_W25
  X:0195H         SYMBOL        x
  X:0197H         SYMBOL        y
  X:0199H         SYMBOL        size
  X:019BH         SYMBOL        ptr
  X:019EH         SYMBOL        PenColor
  X:01A0H         SYMBOL        BackColor
  -------         DO            
  X:01A2H         SYMBOL        i
  X:01A3H         SYMBOL        val
  X:01A4H         SYMBOL        temp
  X:01A6H         SYMBOL        xlen
  X:01A8H         SYMBOL        ylen
  X:01AAH         SYMBOL        max_ylen
  X:01ACH         SYMBOL        max_xlen
  X:01AEH         SYMBOL        pxSize
  X:01B2H         SYMBOL        px
  X:01B6H         SYMBOL        position
  X:01BAH         SYMBOL        p
  X:023BH         SYMBOL        p0
BL51 BANKED LINKER/LOCATER V6.22                                                      06/19/2020  12:28:56  PAGE 51


  -------         ENDDO         
  C:20F9H         LINE#         45
  C:210DH         LINE#         46
  C:210DH         LINE#         47
  C:2112H         LINE#         49
  C:2124H         LINE#         54
  C:212EH         LINE#         55
  C:2138H         LINE#         56
  C:214BH         LINE#         57
  C:215EH         LINE#         59
  C:216BH         LINE#         60
  C:2177H         LINE#         61
  C:217DH         LINE#         62
  C:2189H         LINE#         63
  C:2196H         LINE#         64
  C:21A2H         LINE#         65
  C:21ABH         LINE#         66
  C:21B5H         LINE#         70
  C:21D5H         LINE#         71
  C:21F5H         LINE#         73
  C:221AH         LINE#         74
  C:221AH         LINE#         75
  C:2236H         LINE#         76
  C:2243H         LINE#         78
  C:2276H         LINE#         79
  C:22A4H         LINE#         81
  C:22B0H         LINE#         82
  C:22B0H         LINE#         83
  C:2327H         LINE#         84
  C:2347H         LINE#         85
  C:2361H         LINE#         86
  C:2361H         LINE#         87
  C:23A7H         LINE#         88
  C:23AAH         LINE#         89
  C:23C4H         LINE#         90
  C:23C4H         LINE#         91
  C:240AH         LINE#         92
  C:240DH         LINE#         93
  C:2427H         LINE#         94
  C:2427H         LINE#         95
  C:246DH         LINE#         96
  C:246FH         LINE#         97
  C:2489H         LINE#         98
  C:2489H         LINE#         99
  C:24CFH         LINE#         100
  C:24CFH         LINE#         101
  C:257FH         LINE#         102
  C:2582H         LINE#         104
  C:2582H         LINE#         105
  C:25A2H         LINE#         106
  C:25A2H         LINE#         107
  C:2649H         LINE#         108
  C:264FH         LINE#         109
  C:2655H         LINE#         110
  C:2658H         LINE#         112
  C:2658H         LINE#         114
  C:26CFH         LINE#         115
BL51 BANKED LINKER/LOCATER V6.22                                                      06/19/2020  12:28:56  PAGE 52


  C:26D8H         LINE#         116
  C:272EH         LINE#         117
  C:273AH         LINE#         118
  C:278AH         LINE#         122
  C:27A4H         LINE#         123
  C:27A4H         LINE#         124
  C:27EAH         LINE#         125
  C:27EDH         LINE#         126
  C:2807H         LINE#         127
  C:2807H         LINE#         128
  C:284DH         LINE#         129
  C:2850H         LINE#         130
  C:286AH         LINE#         131
  C:286AH         LINE#         132
  C:28B0H         LINE#         133
  C:28B2H         LINE#         134
  C:28CCH         LINE#         135
  C:28CCH         LINE#         136
  C:2912H         LINE#         137
  C:2912H         LINE#         139
  C:29ABH         LINE#         140
  C:29B1H         LINE#         141
  C:29B1H         LINE#         142
  C:29B1H         LINE#         143
  C:29BAH         LINE#         144
  C:29C6H         LINE#         145
  C:29D7H         LINE#         146
  -------         ENDPROC       _TFT_SHOWSTRING_W25
  -------         ENDMOD        TXT

  -------         MODULE        ?C?FPDIV
  C:0CA9H         PUBLIC        ?C?FPDIV
  -------         ENDMOD        ?C?FPDIV

  -------         MODULE        ?C?FCAST
  C:0D50H         PUBLIC        ?C?FCASTC
  C:0D4BH         PUBLIC        ?C?FCASTI
  C:0D46H         PUBLIC        ?C?FCASTL
  -------         ENDMOD        ?C?FCAST

  -------         MODULE        ?C?CASTF
  C:0D84H         PUBLIC        ?C?CASTF
  -------         ENDMOD        ?C?CASTF

  -------         MODULE        PRINTF
  X:017DH         PUBLIC        ?_PRINTF?BYTE
  X:017DH         PUBLIC        ?_SPRINTF?BYTE
  C:358DH         PUBLIC        _PRINTF
  C:3587H         PUBLIC        _SPRINTF
  -------         ENDMOD        PRINTF

  -------         MODULE        ?C?FPROUND
  C:0E05H         PUBLIC        ?C?FPROUND
  -------         ENDMOD        ?C?FPROUND

  -------         MODULE        ?C?FPCONVERT
  C:0E42H         PUBLIC        ?C?FPCONVERT
BL51 BANKED LINKER/LOCATER V6.22                                                      06/19/2020  12:28:56  PAGE 53


  -------         ENDMOD        ?C?FPCONVERT

  -------         MODULE        ?C?FPADD
  C:0F4EH         PUBLIC        ?C?FPADD
  C:0F4AH         PUBLIC        ?C?FPSUB
  -------         ENDMOD        ?C?FPADD

  -------         MODULE        ?C?FPMUL
  C:103FH         PUBLIC        ?C?FPMUL
  -------         ENDMOD        ?C?FPMUL

  -------         MODULE        ?C?FTNPWR
  C:1175H         PUBLIC        ?C?FTNPWR
  -------         ENDMOD        ?C?FTNPWR

  -------         MODULE        ?C?COPY
  C:1285H         PUBLIC        ?C?COPY
  -------         ENDMOD        ?C?COPY

  -------         MODULE        ?C?CLDPTR
  C:12ABH         PUBLIC        ?C?CLDPTR
  -------         ENDMOD        ?C?CLDPTR

  -------         MODULE        ?C?CLDOPTR
  C:12C4H         PUBLIC        ?C?CLDOPTR
  -------         ENDMOD        ?C?CLDOPTR

  -------         MODULE        ?C?CSTPTR
  C:12F1H         PUBLIC        ?C?CSTPTR
  -------         ENDMOD        ?C?CSTPTR

  -------         MODULE        ?C?IMUL
  C:1303H         PUBLIC        ?C?IMUL
  -------         ENDMOD        ?C?IMUL

  -------         MODULE        ?C?UIDIV
  C:1315H         PUBLIC        ?C?UIDIV
  -------         ENDMOD        ?C?UIDIV

  -------         MODULE        ?C?IILDX
  C:136AH         PUBLIC        ?C?IILDX
  -------         ENDMOD        ?C?IILDX

  -------         MODULE        ?C?ILDIX
  C:1380H         PUBLIC        ?C?ILDIX
  -------         ENDMOD        ?C?ILDIX

  -------         MODULE        ?C?ISTPTR
  C:1396H         PUBLIC        ?C?ISTPTR
  -------         ENDMOD        ?C?ISTPTR

  -------         MODULE        ?C?LMUL
  C:13B5H         PUBLIC        ?C?LMUL
  -------         ENDMOD        ?C?LMUL

  -------         MODULE        ?C?ULDIV
  C:1440H         PUBLIC        ?C?ULDIV
BL51 BANKED LINKER/LOCATER V6.22                                                      06/19/2020  12:28:56  PAGE 54


  -------         ENDMOD        ?C?ULDIV

  -------         MODULE        ?C?LNEG
  C:14D2H         PUBLIC        ?C?LNEG
  -------         ENDMOD        ?C?LNEG

  -------         MODULE        ?C?ULCMP
  C:14E0H         PUBLIC        ?C?ULCMP
  -------         ENDMOD        ?C?ULCMP

  -------         MODULE        ?C?ULSHR
  C:14F1H         PUBLIC        ?C?ULSHR
  -------         ENDMOD        ?C?ULSHR

  -------         MODULE        ?C?LSTXDATA
  C:1504H         PUBLIC        ?C?LSTXDATA
  -------         ENDMOD        ?C?LSTXDATA

  -------         MODULE        ?C?LSTKXDATA
  C:1510H         PUBLIC        ?C?LSTKXDATA
  -------         ENDMOD        ?C?LSTKXDATA

  -------         MODULE        ?C?PLDIXDATA
  C:1541H         PUBLIC        ?C?PLDIXDATA
  -------         ENDMOD        ?C?PLDIXDATA

  -------         MODULE        ?C?PSTXDATA
  C:1558H         PUBLIC        ?C?PSTXDATA
  -------         ENDMOD        ?C?PSTXDATA

  -------         MODULE        ?C?CCASE
  C:1561H         PUBLIC        ?C?CCASE
  -------         ENDMOD        ?C?CCASE

  -------         MODULE        ?C?LIMUL
  C:1587H         PUBLIC        ?C?LIMUL
  -------         ENDMOD        ?C?LIMUL

  -------         MODULE        PUTCHAR
  C:69A5H         PUBLIC        _PUTCHAR
  -------         ENDMOD        PUTCHAR

  -------         MODULE        ?C?STRCMP
  C:1732H         PUBLIC        ?C?STRCMP
  -------         ENDMOD        ?C?STRCMP

  -------         MODULE        STRLEN
  C:6B80H         PUBLIC        _STRLEN
  -------         ENDMOD        STRLEN

*** WARNING L16: UNCALLED SEGMENT, IGNORED FOR OVERLAY PROCESS
    SEGMENT: ?CO?TFT

Program Size: data=15.2 xdata=907 code=27724
LINK/LOCATE RUN COMPLETE.  1 WARNING(S),  0 ERROR(S)
